Archive member included because of file (symbol)

c:/altera/13.1/nios2eds/bin/gnu/h-i686-mingw32/bin/../lib/gcc/nios2-elf/4.7.3/mno-hw-mul\libgcc.a(_addsub_sf.o)
                              obj/default/application/jpegclib/jcdctmgr.o (__addsf3)
c:/altera/13.1/nios2eds/bin/gnu/h-i686-mingw32/bin/../lib/gcc/nios2-elf/4.7.3/mno-hw-mul\libgcc.a(_mul_sf.o)
                              obj/default/application/jpegclib/jcdctmgr.o (__mulsf3)
c:/altera/13.1/nios2eds/bin/gnu/h-i686-mingw32/bin/../lib/gcc/nios2-elf/4.7.3/mno-hw-mul\libgcc.a(_si_to_sf.o)
                              obj/default/application/jpegclib/jfdctflt.o (__floatsisf)
c:/altera/13.1/nios2eds/bin/gnu/h-i686-mingw32/bin/../lib/gcc/nios2-elf/4.7.3/mno-hw-mul\libgcc.a(_sf_to_si.o)
                              obj/default/application/jpegclib/jcdctmgr.o (__fixsfsi)
c:/altera/13.1/nios2eds/bin/gnu/h-i686-mingw32/bin/../lib/gcc/nios2-elf/4.7.3/mno-hw-mul\libgcc.a(_thenan_sf.o)
                              c:/altera/13.1/nios2eds/bin/gnu/h-i686-mingw32/bin/../lib/gcc/nios2-elf/4.7.3/mno-hw-mul\libgcc.a(_addsub_sf.o) (__thenan_sf)
c:/altera/13.1/nios2eds/bin/gnu/h-i686-mingw32/bin/../lib/gcc/nios2-elf/4.7.3/mno-hw-mul\libgcc.a(_mul_df.o)
                              obj/default/application/jpegclib/jcdctmgr.o (__muldf3)
c:/altera/13.1/nios2eds/bin/gnu/h-i686-mingw32/bin/../lib/gcc/nios2-elf/4.7.3/mno-hw-mul\libgcc.a(_div_df.o)
                              obj/default/application/jpegclib/jcdctmgr.o (__divdf3)
c:/altera/13.1/nios2eds/bin/gnu/h-i686-mingw32/bin/../lib/gcc/nios2-elf/4.7.3/mno-hw-mul\libgcc.a(_df_to_sf.o)
                              obj/default/application/jpegclib/jcdctmgr.o (__truncdfsf2)
c:/altera/13.1/nios2eds/bin/gnu/h-i686-mingw32/bin/../lib/gcc/nios2-elf/4.7.3/mno-hw-mul\libgcc.a(_thenan_df.o)
                              c:/altera/13.1/nios2eds/bin/gnu/h-i686-mingw32/bin/../lib/gcc/nios2-elf/4.7.3/mno-hw-mul\libgcc.a(_mul_df.o) (__thenan_df)
c:/altera/13.1/nios2eds/bin/gnu/h-i686-mingw32/bin/../lib/gcc/nios2-elf/4.7.3/mno-hw-mul\libgcc.a(_usi_to_df.o)
                              obj/default/application/jpegclib/jcdctmgr.o (__floatunsidf)
c:/altera/13.1/nios2eds/bin/gnu/h-i686-mingw32/bin/../lib/gcc/nios2-elf/4.7.3/mno-hw-mul\libgcc.a(lib2-divmod.o)
                              obj/default/application/jpegclib/jcdctmgr.o (__divsi3)
c:/altera/13.1/nios2eds/bin/gnu/h-i686-mingw32/bin/../lib/gcc/nios2-elf/4.7.3/mno-hw-mul\libgcc.a(lib2-mul.o)
                              obj/default/application/bmp_extract.o (__mulsi3)
c:/altera/13.1/nios2eds/bin/gnu/h-i686-mingw32/bin/../lib/gcc/nios2-elf/4.7.3/mno-hw-mul\libgcc.a(_muldi3.o)
                              c:/altera/13.1/nios2eds/bin/gnu/h-i686-mingw32/bin/../lib/gcc/nios2-elf/4.7.3/mno-hw-mul\libgcc.a(_mul_sf.o) (__muldi3)
c:/altera/13.1/nios2eds/bin/gnu/h-i686-mingw32/bin/../lib/gcc/nios2-elf/4.7.3/mno-hw-mul\libgcc.a(_clzsi2.o)
                              c:/altera/13.1/nios2eds/bin/gnu/h-i686-mingw32/bin/../lib/gcc/nios2-elf/4.7.3/mno-hw-mul\libgcc.a(_si_to_sf.o) (__clzsi2)
c:/altera/13.1/nios2eds/bin/gnu/h-i686-mingw32/bin/../lib/gcc/nios2-elf/4.7.3/mno-hw-mul\libgcc.a(_pack_sf.o)
                              c:/altera/13.1/nios2eds/bin/gnu/h-i686-mingw32/bin/../lib/gcc/nios2-elf/4.7.3/mno-hw-mul\libgcc.a(_addsub_sf.o) (__pack_f)
c:/altera/13.1/nios2eds/bin/gnu/h-i686-mingw32/bin/../lib/gcc/nios2-elf/4.7.3/mno-hw-mul\libgcc.a(_unpack_sf.o)
                              c:/altera/13.1/nios2eds/bin/gnu/h-i686-mingw32/bin/../lib/gcc/nios2-elf/4.7.3/mno-hw-mul\libgcc.a(_addsub_sf.o) (__unpack_f)
c:/altera/13.1/nios2eds/bin/gnu/h-i686-mingw32/bin/../lib/gcc/nios2-elf/4.7.3/mno-hw-mul\libgcc.a(_make_sf.o)
                              c:/altera/13.1/nios2eds/bin/gnu/h-i686-mingw32/bin/../lib/gcc/nios2-elf/4.7.3/mno-hw-mul\libgcc.a(_df_to_sf.o) (__make_fp)
c:/altera/13.1/nios2eds/bin/gnu/h-i686-mingw32/bin/../lib/gcc/nios2-elf/4.7.3/mno-hw-mul\libgcc.a(_pack_df.o)
                              c:/altera/13.1/nios2eds/bin/gnu/h-i686-mingw32/bin/../lib/gcc/nios2-elf/4.7.3/mno-hw-mul\libgcc.a(_mul_df.o) (__pack_d)
c:/altera/13.1/nios2eds/bin/gnu/h-i686-mingw32/bin/../lib/gcc/nios2-elf/4.7.3/mno-hw-mul\libgcc.a(_unpack_df.o)
                              c:/altera/13.1/nios2eds/bin/gnu/h-i686-mingw32/bin/../lib/gcc/nios2-elf/4.7.3/mno-hw-mul\libgcc.a(_mul_df.o) (__unpack_d)
c:/altera/13.1/nios2eds/bin/gnu/h-i686-mingw32/bin/../lib/gcc/nios2-elf/4.7.3/mno-hw-mul\libgcc.a(_lshrdi3.o)
                              c:/altera/13.1/nios2eds/bin/gnu/h-i686-mingw32/bin/../lib/gcc/nios2-elf/4.7.3/mno-hw-mul\libgcc.a(_pack_df.o) (__lshrdi3)
c:/altera/13.1/nios2eds/bin/gnu/h-i686-mingw32/bin/../lib/gcc/nios2-elf/4.7.3/mno-hw-mul\libgcc.a(_ashldi3.o)
                              c:/altera/13.1/nios2eds/bin/gnu/h-i686-mingw32/bin/../lib/gcc/nios2-elf/4.7.3/mno-hw-mul\libgcc.a(_pack_df.o) (__ashldi3)
[...]
Memory Configuration

Name             Origin             Length             Attributes
reset            0x00000000         0x00000020
sdram_controller 0x00000020         0x07ffffe0
*default*        0x00000000         0xffffffff

Linker script and memory map

LOAD ../jpeg_bsp//obj/HAL/src/crt0.o
LOAD obj/default/application/bmp_extract.o
LOAD obj/default/application/jpeg_encoding.o
LOAD obj/default/application/jpegclib/cdjpeg.o
LOAD obj/default/application/jpegclib/jaricom.o
LOAD obj/default/application/jpegclib/jcapimin.o
LOAD obj/default/application/jpegclib/jcapistd.o
LOAD obj/default/application/jpegclib/jcarith.o
LOAD obj/default/application/jpegclib/jccoefct.o
LOAD obj/default/application/jpegclib/jccolor.o
LOAD obj/default/application/jpegclib/jcdctmgr.o
LOAD obj/default/application/jpegclib/jchuff.o
LOAD obj/default/application/jpegclib/jcinit.o
LOAD obj/default/application/jpegclib/jcmainct.o
LOAD obj/default/application/jpegclib/jcmarker.o
LOAD obj/default/application/jpegclib/jcmaster.o
LOAD obj/default/application/jpegclib/jcomapi.o
LOAD obj/default/application/jpegclib/jcparam.o
LOAD obj/default/application/jpegclib/jcprepct.o
LOAD obj/default/application/jpegclib/jcsample.o
LOAD obj/default/application/jpegclib/jctrans.o
LOAD obj/default/application/jpegclib/jdatadst.o
LOAD obj/default/application/jpegclib/jerror.o
LOAD obj/default/application/jpegclib/jfdctflt.o
LOAD obj/default/application/jpegclib/jfdctfst.o
LOAD obj/default/application/jpegclib/jfdctint.o
LOAD obj/default/application/jpegclib/jidctflt.o
LOAD obj/default/application/jpegclib/jidctfst.o
LOAD obj/default/application/jpegclib/jidctint.o
LOAD obj/default/application/jpegclib/jmemansi.o
LOAD obj/default/application/jpegclib/jmemmgr.o
LOAD obj/default/application/jpegclib/jquant1.o
LOAD obj/default/application/jpegclib/jquant2.o
LOAD obj/default/application/jpegclib/jutils.o
LOAD obj/default/jpeg_encoder.o
LOAD c:/altera/13.1/nios2eds/bin/gnu/h-i686-mingw32/bin/../lib/gcc/nios2-elf/4.7.3/../../../../../H-i686-mingw32/nios2-elf/lib/mno-hw-mul\libstdc++.a
LOAD c:/altera/13.1/nios2eds/bin/gnu/h-i686-mingw32/bin/../lib/gcc/nios2-elf/4.7.3/../../../../../H-i686-mingw32/nios2-elf/lib/mno-hw-mul\libm.a
LOAD c:/altera/13.1/nios2eds/bin/gnu/h-i686-mingw32/bin/../lib/gcc/nios2-elf/4.7.3/mno-hw-mul\libgcc.a
START GROUP
LOAD c:/altera/13.1/nios2eds/bin/gnu/h-i686-mingw32/bin/../lib/gcc/nios2-elf/4.7.3/../../../../../H-i686-mingw32/nios2-elf/lib/mno-hw-mul\libc.a
LOAD c:/altera/13.1/nios2eds/bin/gnu/h-i686-mingw32/bin/../lib/gcc/nios2-elf/4.7.3/mno-hw-mul\libgcc.a
LOAD ../jpeg_bsp/\libhal_bsp.a
END GROUP
LOAD c:/altera/13.1/nios2eds/bin/gnu/h-i686-mingw32/bin/../lib/gcc/nios2-elf/4.7.3/mno-hw-mul\libgcc.a
                0x00000000                __alt_mem_sdram_controller = 0x0

.entry          0x00000000       0x20
 *(.entry)
 .entry         0x00000000       0x20 ../jpeg_bsp//obj/HAL/src/crt0.o
                0x00000000                __reset

.exceptions     0x00000020      0x198
                0x00000020                PROVIDE (__ram_exceptions_start, ABSOLUTE (.))
                0x00000020                . = ALIGN (0x20)
 *(.irq)
 *(.exceptions.entry.label)
 .exceptions.entry.label
                0x00000020        0x0 ../jpeg_bsp/\libhal_bsp.a(alt_irq_entry.o)
                0x00000020                alt_irq_entry
 .exceptions.entry.label
                0x00000020        0x0 ../jpeg_bsp/\libhal_bsp.a(alt_exception_entry.o)
                0x00000020                alt_exception
 *(.exceptions.entry.user)
 *(.exceptions.entry.ecc_fatal)
 *(.exceptions.entry)
 .exceptions.entry
                0x00000020       0x54 ../jpeg_bsp/\libhal_bsp.a(alt_exception_entry.o)
 *(.exceptions.irqtest.user)
 *(.exceptions.irqtest)
 .exceptions.irqtest
                0x00000074       0x10 ../jpeg_bsp/\libhal_bsp.a(alt_irq_entry.o)
 *(.exceptions.irqhandler.user)
 *(.exceptions.irqhandler)
 .exceptions.irqhandler
                0x00000084        0x4 ../jpeg_bsp/\libhal_bsp.a(alt_irq_entry.o)
 *(.exceptions.irqreturn.user)
 *(.exceptions.irqreturn)
 .exceptions.irqreturn
                0x00000088        0x4 ../jpeg_bsp/\libhal_bsp.a(alt_irq_entry.o)
 *(.exceptions.notirq.label)
 .exceptions.notirq.label
                0x0000008c        0x0 ../jpeg_bsp/\libhal_bsp.a(alt_irq_entry.o)
 *(.exceptions.notirq.user)
 *(.exceptions.notirq)
 .exceptions.notirq
                0x0000008c        0x8 ../jpeg_bsp/\libhal_bsp.a(alt_exception_entry.o)
 *(.exceptions.soft.user)
 *(.exceptions.soft)
 *(.exceptions.unknown.user)
 *(.exceptions.unknown)
 .exceptions.unknown
                0x00000094        0x4 ../jpeg_bsp/\libhal_bsp.a(alt_exception_entry.o)
 *(.exceptions.exit.label)
 .exceptions.exit.label
                0x00000098        0x0 ../jpeg_bsp/\libhal_bsp.a(alt_irq_entry.o)
 .exceptions.exit.label
                0x00000098        0x0 ../jpeg_bsp/\libhal_bsp.a(alt_exception_entry.o)
 *(.exceptions.exit.user)
 *(.exceptions.exit)
 .exceptions.exit
                0x00000098       0x54 ../jpeg_bsp/\libhal_bsp.a(alt_exception_entry.o)
 *(.exceptions)
 .exceptions    0x000000ec       0xcc ../jpeg_bsp/\libhal_bsp.a(alt_irq_handler.o)
                0x000000ec                alt_irq_handler
                0x000001b8                PROVIDE (__ram_exceptions_end, ABSOLUTE (.))
                0x00000020                PROVIDE (__flash_exceptions_start, LOADADDR (.exceptions))

.text           0x000001b8    0x3f538
                0x000001b8                PROVIDE (stext, ABSOLUTE (.))
 *(.interp)
 *(.hash)
 *(.dynsym)
 *(.dynstr)
 *(.gnu.version)
 *(.gnu.version_d)
 *(.gnu.version_r)
 *(.rel.init)
 *(.rela.init)
 *(.rel.text .rel.text.* .rel.gnu.linkonce.t.*)
 *(.rela.text .rela.text.* .rela.gnu.linkonce.t.*)
 *(.rel.fini)
 *(.rela.fini)
 *(.rel.rodata .rel.rodata.* .rel.gnu.linkonce.r.*)
 *(.rela.rodata .rela.rodata.* .rela.gnu.linkonce.r.*)
 *(.rel.data .rel.data.* .rel.gnu.linkonce.d.*)
 *(.rela.data .rela.data.* .rela.gnu.linkonce.d.*)
 *(.rel.tdata .rel.tdata.* .rel.gnu.linkonce.td.*)
 *(.rela.tdata .rela.tdata.* .rela.gnu.linkonce.td.*)
 *(.rel.tbss .rel.tbss.* .rel.gnu.linkonce.tb.*)
 *(.rela.tbss .rela.tbss.* .rela.gnu.linkonce.tb.*)
 *(.rel.ctors)
 *(.rela.ctors)
 *(.rel.dtors)
 *(.rela.dtors)
 *(.rel.got)
 *(.rela.got)
 *(.rel.sdata .rel.sdata.* .rel.gnu.linkonce.s.*)
 *(.rela.sdata .rela.sdata.* .rela.gnu.linkonce.s.*)
 *(.rel.sbss .rel.sbss.* .rel.gnu.linkonce.sb.*)
 *(.rela.sbss .rela.sbss.* .rela.gnu.linkonce.sb.*)
 *(.rel.sdata2 .rel.sdata2.* .rel.gnu.linkonce.s2.*)
 *(.rela.sdata2 .rela.sdata2.* .rela.gnu.linkonce.s2.*)
 *(.rel.sbss2 .rel.sbss2.* .rel.gnu.linkonce.sb2.*)
 *(.rela.sbss2 .rela.sbss2.* .rela.gnu.linkonce.sb2.*)
 *(.rel.bss .rel.bss.* .rel.gnu.linkonce.b.*)
 *(.rela.bss .rela.bss.* .rela.gnu.linkonce.b.*)
 *(.rel.plt)
 *(.rela.plt)
 *(.rel.dyn)
 *(.init)
 *(.plt)
 *(.text .stub .text.* .gnu.linkonce.t.*)
 .text          0x000001b8       0x3c ../jpeg_bsp//obj/HAL/src/crt0.o
                0x000001b8                _start
 .text          0x000001f4      0x498 obj/default/application/bmp_extract.o
                0x000001f4                bmp_extract_header
                0x00000338                bmp_rearrange_comps
                0x000004fc                bmp_extract
 .text          0x0000068c      0x180 obj/default/application/jpeg_encoding.o
                0x0000068c                jpeg_encode
 .text          0x0000080c      0x194 obj/default/application/jpegclib/cdjpeg.o
                0x0000080c                keymatch
                0x00000938                read_stdin
                0x0000096c                write_stdout
 .text          0x000009a0        0x0 obj/default/application/jpegclib/jaricom.o
 .text          0x000009a0      0x890 obj/default/application/jpegclib/jcapimin.o
                0x000009a0                jpeg_CreateCompress
                0x00000be0                jpeg_destroy_compress
                0x00000c10                jpeg_abort_compress
                0x00000c40                jpeg_suppress_tables
                0x00000d44                jpeg_finish_compress
                0x00000f48                jpeg_write_marker
                0x00001064                jpeg_write_m_header
                0x00001124                jpeg_write_m_byte
                0x00001168                jpeg_write_tables
 .text          0x00001230      0x440 obj/default/application/jpegclib/jcapistd.o
                0x00001230                jpeg_start_compress
                0x0000132c                jpeg_write_scanlines
                0x000014c0                jpeg_write_raw_data
 .text          0x00001670     0x23f8 obj/default/application/jpegclib/jcarith.o
                0x00003990                jinit_arith_encoder
 .text          0x00003a68      0xf20 obj/default/application/jpegclib/jccoefct.o
                0x000047b8                jinit_c_coef_controller
 .text          0x00004988      0xff0 obj/default/application/jpegclib/jccolor.o
                0x000053f4                jinit_color_converter
 .text          0x00005978      0xaf8 obj/default/application/jpegclib/jcdctmgr.o
                0x000063b4                jinit_forward_dct
 .text          0x00006470     0x33dc obj/default/application/jpegclib/jchuff.o
                0x00009708                jinit_huff_encoder
 .text          0x0000984c      0x104 obj/default/application/jpegclib/jcinit.o
                0x0000984c                jinit_compress_master
 .text          0x00009950      0x3ac obj/default/application/jpegclib/jcmainct.o
                0x00009b80                jinit_c_main_controller
 .text          0x00009cfc     0x1418 obj/default/application/jpegclib/jcmarker.o
                0x0000b048                jinit_marker_writer
 .text          0x0000b114     0x1d6c obj/default/application/jpegclib/jcmaster.o
                0x0000b114                jpeg_calc_jpeg_dimensions
                0x0000ccd0                jinit_c_master_control
 .text          0x0000ce80      0x1a8 obj/default/application/jpegclib/jcomapi.o
                0x0000ce80                jpeg_abort
                0x0000cf28                jpeg_destroy
                0x0000cf80                jpeg_alloc_quant_table
                0x0000cfd4                jpeg_alloc_huff_table
 .text          0x0000d028     0x1528 obj/default/application/jpegclib/jcparam.o
                0x0000d028                jpeg_add_quant_table
                0x0000d1f0                jpeg_default_qtables
                0x0000d270                jpeg_set_linear_quality
                0x0000d2e4                jpeg_quality_scaling
                0x0000d368                jpeg_set_quality
                0x0000d588                jpeg_set_defaults
                0x0000d784                jpeg_default_colorspace
                0x0000d874                jpeg_set_colorspace
                0x0000e1a8                jpeg_simple_progression
 .text          0x0000e550      0xc14 obj/default/application/jpegclib/jcprepct.o
                0x0000efac                jinit_c_prep_controller
 .text          0x0000f164     0x14c4 obj/default/application/jpegclib/jcsample.o
                0x00010234                jinit_downsampler
 .text          0x00010628      0xc2c obj/default/application/jpegclib/jctrans.o
                0x00010628                jpeg_write_coefficients
                0x000106f0                jpeg_copy_critical_parameters
 .text          0x00011254      0x5f8 obj/default/application/jpegclib/jdatadst.o
                0x000115f0                jpeg_stdio_dest
                0x00011694                jpeg_mem_dest
 .text          0x0001184c      0x43c obj/default/application/jpegclib/jerror.o
                0x00011bc8                jpeg_std_error
 .text          0x00011c88      0x8b8 obj/default/application/jpegclib/jfdctflt.o
                0x00011c88                jpeg_fdct_float
 .text          0x00012540      0x6a0 obj/default/application/jpegclib/jfdctfst.o
                0x00012540                jpeg_fdct_ifast
 .text          0x00012be0      0x810 obj/default/application/jpegclib/jfdctint.o
                0x00012be0                jpeg_fdct_islow
 .text          0x000133f0      0xc74 obj/default/application/jpegclib/jidctflt.o
                0x000133f0                jpeg_idct_float
 .text          0x00014064      0xaf4 obj/default/application/jpegclib/jidctfst.o
                0x00014064                jpeg_idct_ifast
 .text          0x00014b58    0x103b8 obj/default/application/jpegclib/jidctint.o
                0x00014b58                jpeg_idct_islow
                0x0001579c                jpeg_idct_7x7
                0x00016018                jpeg_idct_6x6
                0x00016620                jpeg_idct_5x5
                0x00016b84                jpeg_idct_4x4
                0x00016fa4                jpeg_idct_3x3
                0x000172d8                jpeg_idct_2x2
                0x00017510                jpeg_idct_1x1
                0x000175c4                jpeg_idct_9x9
                0x00017f0c                jpeg_idct_10x10
                0x00018954                jpeg_idct_11x11
                0x000195bc                jpeg_idct_12x12
                0x0001a16c                jpeg_idct_13x13
                0x0001af9c                jpeg_idct_14x14
                0x0001bd1c                jpeg_idct_15x15
                0x0001cb2c                jpeg_idct_16x16
                0x0001db74                jpeg_idct_16x8
                0x0001ea44                jpeg_idct_14x7
                0x0001f564                jpeg_idct_12x6
                0x0001fe50                jpeg_idct_10x5
                0x00020618                jpeg_idct_8x4
                0x00020cbc                jpeg_idct_6x3
                0x0002113c                jpeg_idct_4x2
                0x00021420                jpeg_idct_2x1
                0x00021544                jpeg_idct_8x16
                0x000221e8                jpeg_idct_7x14
                0x00022cc4                jpeg_idct_6x12
                0x00023598                jpeg_idct_5x10
                0x00023d7c                jpeg_idct_4x8
                0x0002461c                jpeg_idct_3x6
                0x00024ad8                jpeg_idct_2x4
                0x00024de8                jpeg_idct_1x2
 .text          0x00024f10      0x3d8 obj/default/application/jpegclib/jmemansi.o
                0x00024f10                jpeg_get_small
                0x00024f44                jpeg_free_small
                0x00024f7c                jpeg_get_large
                0x00024fb0                jpeg_free_large
                0x00024fe8                jpeg_mem_available
                0x000251e4                jpeg_open_backing_store
                0x000252a0                jpeg_mem_init
                0x000252c8                jpeg_mem_term
 .text          0x000252e8     0x1d48 obj/default/application/jpegclib/jmemmgr.o
                0x00026d74                jinit_memory_mgr
 .text          0x00027030     0x18b4 obj/default/application/jpegclib/jquant1.o
                0x000287a0                jinit_1pass_quantizer
 .text          0x000288e4     0x27a0 obj/default/application/jpegclib/jquant2.o
                0x0002adf0                jinit_2pass_quantizer
 .text          0x0002b084      0x1f4 obj/default/application/jpegclib/jutils.o
                0x0002b084                jdiv_round_up
                0x0002b0cc                jround_up
                0x0002b124                jcopy_sample_rows
                0x0002b1f4                jcopy_block_row
                0x0002b23c                jzero_far
 .text          0x0002b278      0x1cc obj/default/jpeg_encoder.o
                0x0002b278                main
                0x0002b2f0                convert_picture
 .text          0x0002b444      0x298 c:/altera/13.1/nios2eds/bin/gnu/h-i686-mingw32/bin/../lib/gcc/nios2-elf/4.7.3/mno-hw-mul\libgcc.a(_addsub_sf.o)
                0x0002b638                __addsf3
                0x0002b684                __subsf3
 .text          0x0002b6dc      0x190 c:/altera/13.1/nios2eds/bin/gnu/h-i686-mingw32/bin/../lib/gcc/nios2-elf/4.7.3/mno-hw-mul\libgcc.a(_mul_sf.o)
                0x0002b6dc                __mulsf3
 .text          0x0002b86c       0xa4 c:/altera/13.1/nios2eds/bin/gnu/h-i686-mingw32/bin/../lib/gcc/nios2-elf/4.7.3/mno-hw-mul\libgcc.a(_si_to_sf.o)
                0x0002b86c                __floatsisf
 .text          0x0002b910       0xa4 c:/altera/13.1/nios2eds/bin/gnu/h-i686-mingw32/bin/../lib/gcc/nios2-elf/4.7.3/mno-hw-mul\libgcc.a(_sf_to_si.o)
                0x0002b910                __fixsfsi
 .text          0x0002b9b4        0x0 c:/altera/13.1/nios2eds/bin/gnu/h-i686-mingw32/bin/../lib/gcc/nios2-elf/4.7.3/mno-hw-mul\libgcc.a(_thenan_sf.o)
 .text          0x0002b9b4      0x2e4 c:/altera/13.1/nios2eds/bin/gnu/h-i686-mingw32/bin/../lib/gcc/nios2-elf/4.7.3/mno-hw-mul\libgcc.a(_mul_df.o)
                0x0002b9b4                __muldf3
 .text          0x0002bc98      0x1b4 c:/altera/13.1/nios2eds/bin/gnu/h-i686-mingw32/bin/../lib/gcc/nios2-elf/4.7.3/mno-hw-mul\libgcc.a(_div_df.o)
                0x0002bc98                __divdf3
 .text          0x0002be4c       0x60 c:/altera/13.1/nios2eds/bin/gnu/h-i686-mingw32/bin/../lib/gcc/nios2-elf/4.7.3/mno-hw-mul\libgcc.a(_df_to_sf.o)
                0x0002be4c                __truncdfsf2
 .text          0x0002beac        0x0 c:/altera/13.1/nios2eds/bin/gnu/h-i686-mingw32/bin/../lib/gcc/nios2-elf/4.7.3/mno-hw-mul\libgcc.a(_thenan_df.o)
 .text          0x0002beac      0x11c c:/altera/13.1/nios2eds/bin/gnu/h-i686-mingw32/bin/../lib/gcc/nios2-elf/4.7.3/mno-hw-mul\libgcc.a(_usi_to_df.o)
                0x0002beac                __floatunsidf
 .text          0x0002bfc8      0x130 c:/altera/13.1/nios2eds/bin/gnu/h-i686-mingw32/bin/../lib/gcc/nios2-elf/4.7.3/mno-hw-mul\libgcc.a(lib2-divmod.o)
                0x0002c03c                __divsi3
                0x0002c08c                __modsi3
                0x0002c0e8                __udivsi3
                0x0002c0f0                __umodsi3
 .text          0x0002c0f8       0x28 c:/altera/13.1/nios2eds/bin/gnu/h-i686-mingw32/bin/../lib/gcc/nios2-elf/4.7.3/mno-hw-mul\libgcc.a(lib2-mul.o)
                0x0002c0f8                __mulsi3
 .text          0x0002c120      0x110 c:/altera/13.1/nios2eds/bin/gnu/h-i686-mingw32/bin/../lib/gcc/nios2-elf/4.7.3/mno-hw-mul\libgcc.a(_muldi3.o)
                0x0002c120                __muldi3
 .text          0x0002c230       0xac c:/altera/13.1/nios2eds/bin/gnu/h-i686-mingw32/bin/../lib/gcc/nios2-elf/4.7.3/mno-hw-mul\libgcc.a(_clzsi2.o)
                0x0002c230                __clzsi2
 .text          0x0002c2dc      0x12c c:/altera/13.1/nios2eds/bin/gnu/h-i686-mingw32/bin/../lib/gcc/nios2-elf/4.7.3/mno-hw-mul\libgcc.a(_pack_sf.o)
                0x0002c2dc                __pack_f
 .text          0x0002c408       0xc8 c:/altera/13.1/nios2eds/bin/gnu/h-i686-mingw32/bin/../lib/gcc/nios2-elf/4.7.3/mno-hw-mul\libgcc.a(_unpack_sf.o)
                0x0002c408                __unpack_f
 .text          0x0002c4d0       0x2c c:/altera/13.1/nios2eds/bin/gnu/h-i686-mingw32/bin/../lib/gcc/nios2-elf/4.7.3/mno-hw-mul\libgcc.a(_make_sf.o)
                0x0002c4d0                __make_fp
 .text          0x0002c4fc      0x224 c:/altera/13.1/nios2eds/bin/gnu/h-i686-mingw32/bin/../lib/gcc/nios2-elf/4.7.3/mno-hw-mul\libgcc.a(_pack_df.o)
                0x0002c4fc                __pack_d
 .text          0x0002c720      0x104 c:/altera/13.1/nios2eds/bin/gnu/h-i686-mingw32/bin/../lib/gcc/nios2-elf/4.7.3/mno-hw-mul\libgcc.a(_unpack_df.o)
                0x0002c720                __unpack_d
 .text          0x0002c824       0x44 c:/altera/13.1/nios2eds/bin/gnu/h-i686-mingw32/bin/../lib/gcc/nios2-elf/4.7.3/mno-hw-mul\libgcc.a(_lshrdi3.o)
                0x0002c824                __lshrdi3
 .text          0x0002c868       0x44 c:/altera/13.1/nios2eds/bin/gnu/h-i686-mingw32/bin/../lib/gcc/nios2-elf/4.7.3/mno-hw-mul\libgcc.a(_ashldi3.o)
                0x0002c868                __ashldi3
 .text          0x0002c8ac        0x0 c:/altera/13.1/nios2eds/bin/gnu/h-i686-mingw32/bin/../lib/gcc/nios2-elf/4.7.3/mno-hw-mul\libgcc.a(_clz.o)
 .text          0x0002c8ac        0x0 c:/altera/13.1/nios2eds/bin/gnu/h-i686-mingw32/bin/../lib/gcc/nios2-elf/4.7.3/../../../../../H-i686-mingw32/nios2-elf/lib/mno-hw-mul\libc.a(lib_a-ctype_.o)
 .text          0x0002c8ac       0x38 c:/altera/13.1/nios2eds/bin/gnu/h-i686-mingw32/bin/../lib/gcc/nios2-elf/4.7.3/../../../../../H-i686-mingw32/nios2-elf/lib/mno-hw-mul\libc.a(lib_a-exit.o)
                0x0002c8ac                exit
 .text          0x0002c8e4      0x150 c:/altera/13.1/nios2eds/bin/gnu/h-i686-mingw32/bin/../lib/gcc/nios2-elf/4.7.3/../../../../../H-i686-mingw32/nios2-elf/lib/mno-hw-mul\libc.a(lib_a-fclose.o)
                0x0002c8e4                _fclose_r
                0x0002ca20                fclose
 .text          0x0002ca34      0x218 c:/altera/13.1/nios2eds/bin/gnu/h-i686-mingw32/bin/../lib/gcc/nios2-elf/4.7.3/../../../../../H-i686-mingw32/nios2-elf/lib/mno-hw-mul\libc.a(lib_a-fflush.o)
                0x0002ca34                _fflush_r
                0x0002cc1c                fflush
 .text          0x0002cc4c      0x2ec c:/altera/13.1/nios2eds/bin/gnu/h-i686-mingw32/bin/../lib/gcc/nios2-elf/4.7.3/../../../../../H-i686-mingw32/nios2-elf/lib/mno-hw-mul\libc.a(lib_a-findfp.o)
                0x0002cc5c                _cleanup_r
                0x0002cc68                __sfmoreglue
                0x0002cce0                _cleanup
                0x0002ccf0                __sinit
                0x0002cdfc                __sfp
                0x0002cef8                __sfp_lock_acquire
                0x0002cefc                __sfp_lock_release
                0x0002cf00                __sinit_lock_acquire
                0x0002cf04                __sinit_lock_release
                0x0002cf08                __fp_lock_all
                0x0002cf20                __fp_unlock_all
 .text          0x0002cf38      0x14c c:/altera/13.1/nios2eds/bin/gnu/h-i686-mingw32/bin/../lib/gcc/nios2-elf/4.7.3/../../../../../H-i686-mingw32/nios2-elf/lib/mno-hw-mul\libc.a(lib_a-fopen.o)
                0x0002cf38                _fopen_r
                0x0002d068                fopen
 .text          0x0002d084       0x4c c:/altera/13.1/nios2eds/bin/gnu/h-i686-mingw32/bin/../lib/gcc/nios2-elf/4.7.3/../../../../../H-i686-mingw32/nios2-elf/lib/mno-hw-mul\libc.a(lib_a-fprintf.o)
                0x0002d084                _fprintf_r
                0x0002d0ac                fprintf
 .text          0x0002d0d0      0x27c c:/altera/13.1/nios2eds/bin/gnu/h-i686-mingw32/bin/../lib/gcc/nios2-elf/4.7.3/../../../../../H-i686-mingw32/nios2-elf/lib/mno-hw-mul\libc.a(lib_a-fread.o)
                0x0002d0d0                _fread_r
                0x0002d30c                fread
 .text          0x0002d34c      0x40c c:/altera/13.1/nios2eds/bin/gnu/h-i686-mingw32/bin/../lib/gcc/nios2-elf/4.7.3/../../../../../H-i686-mingw32/nios2-elf/lib/mno-hw-mul\libc.a(lib_a-freer.o)
                0x0002d34c                _malloc_trim_r
                0x0002d488                _free_r
 .text          0x0002d758      0x498 c:/altera/13.1/nios2eds/bin/gnu/h-i686-mingw32/bin/../lib/gcc/nios2-elf/4.7.3/../../../../../H-i686-mingw32/nios2-elf/lib/mno-hw-mul\libc.a(lib_a-fseek.o)
                0x0002d758                _fseek_r
                0x0002dbcc                fseek
 .text          0x0002dbf0       0x68 c:/altera/13.1/nios2eds/bin/gnu/h-i686-mingw32/bin/../lib/gcc/nios2-elf/4.7.3/../../../../../H-i686-mingw32/nios2-elf/lib/mno-hw-mul\libc.a(lib_a-fstatr.o)
                0x0002dbf0                _fstat_r
 .text          0x0002dc58      0x124 c:/altera/13.1/nios2eds/bin/gnu/h-i686-mingw32/bin/../lib/gcc/nios2-elf/4.7.3/../../../../../H-i686-mingw32/nios2-elf/lib/mno-hw-mul\libc.a(lib_a-ftell.o)
                0x0002dc58                _ftell_r
                0x0002dd68                ftell
 .text          0x0002dd7c      0x160 c:/altera/13.1/nios2eds/bin/gnu/h-i686-mingw32/bin/../lib/gcc/nios2-elf/4.7.3/../../../../../H-i686-mingw32/nios2-elf/lib/mno-hw-mul\libc.a(lib_a-fwalk.o)
                0x0002dd7c                _fwalk
                0x0002de24                _fwalk_reent
 .text          0x0002dedc       0xf0 c:/altera/13.1/nios2eds/bin/gnu/h-i686-mingw32/bin/../lib/gcc/nios2-elf/4.7.3/../../../../../H-i686-mingw32/nios2-elf/lib/mno-hw-mul\libc.a(lib_a-fwrite.o)
                0x0002dedc                _fwrite_r
                0x0002df8c                fwrite
 .text          0x0002dfcc       0x48 c:/altera/13.1/nios2eds/bin/gnu/h-i686-mingw32/bin/../lib/gcc/nios2-elf/4.7.3/../../../../../H-i686-mingw32/nios2-elf/lib/mno-hw-mul\libc.a(lib_a-getenv.o)
                0x0002dfcc                _findenv
                0x0002dfe8                getenv
 .text          0x0002e014      0x128 c:/altera/13.1/nios2eds/bin/gnu/h-i686-mingw32/bin/../lib/gcc/nios2-elf/4.7.3/../../../../../H-i686-mingw32/nios2-elf/lib/mno-hw-mul\libc.a(lib_a-getenv_r.o)
                0x0002e014                _findenv_r
                0x0002e120                _getenv_r
 .text          0x0002e13c        0x0 c:/altera/13.1/nios2eds/bin/gnu/h-i686-mingw32/bin/../lib/gcc/nios2-elf/4.7.3/../../../../../H-i686-mingw32/nios2-elf/lib/mno-hw-mul\libc.a(lib_a-impure.o)
 .text          0x0002e13c        0x0 c:/altera/13.1/nios2eds/bin/gnu/h-i686-mingw32/bin/../lib/gcc/nios2-elf/4.7.3/../../../../../H-i686-mingw32/nios2-elf/lib/mno-hw-mul\libc.a(lib_a-int_errno.o)
 .text          0x0002e13c      0x1a8 c:/altera/13.1/nios2eds/bin/gnu/h-i686-mingw32/bin/../lib/gcc/nios2-elf/4.7.3/../../../../../H-i686-mingw32/nios2-elf/lib/mno-hw-mul\libc.a(lib_a-makebuf.o)
                0x0002e13c                __smakebuf_r
 .text          0x0002e2e4       0x28 c:/altera/13.1/nios2eds/bin/gnu/h-i686-mingw32/bin/../lib/gcc/nios2-elf/4.7.3/../../../../../H-i686-mingw32/nios2-elf/lib/mno-hw-mul\libc.a(lib_a-malloc.o)
                0x0002e2e4                malloc
                0x0002e2f8                free
 .text          0x0002e30c      0x784 c:/altera/13.1/nios2eds/bin/gnu/h-i686-mingw32/bin/../lib/gcc/nios2-elf/4.7.3/../../../../../H-i686-mingw32/nios2-elf/lib/mno-hw-mul\libc.a(lib_a-mallocr.o)
                0x0002e30c                _malloc_r
 .text          0x0002ea90      0x140 c:/altera/13.1/nios2eds/bin/gnu/h-i686-mingw32/bin/../lib/gcc/nios2-elf/4.7.3/../../../../../H-i686-mingw32/nios2-elf/lib/mno-hw-mul\libc.a(lib_a-memcpy.o)
                0x0002ea90                memcpy
 .text          0x0002ebd0       0xdc c:/altera/13.1/nios2eds/bin/gnu/h-i686-mingw32/bin/../lib/gcc/nios2-elf/4.7.3/../../../../../H-i686-mingw32/nios2-elf/lib/mno-hw-mul\libc.a(lib_a-memset.o)
                0x0002ebd0                memset
 .text          0x0002ecac       0x6c c:/altera/13.1/nios2eds/bin/gnu/h-i686-mingw32/bin/../lib/gcc/nios2-elf/4.7.3/../../../../../H-i686-mingw32/nios2-elf/lib/mno-hw-mul\libc.a(lib_a-openr.o)
                0x0002ecac                _open_r
 .text          0x0002ed18       0x68 c:/altera/13.1/nios2eds/bin/gnu/h-i686-mingw32/bin/../lib/gcc/nios2-elf/4.7.3/../../../../../H-i686-mingw32/nios2-elf/lib/mno-hw-mul\libc.a(lib_a-printf.o)
                0x0002ed18                _printf_r
                0x0002ed44                printf
 .text          0x0002ed80       0x98 c:/altera/13.1/nios2eds/bin/gnu/h-i686-mingw32/bin/../lib/gcc/nios2-elf/4.7.3/../../../../../H-i686-mingw32/nios2-elf/lib/mno-hw-mul\libc.a(lib_a-puts.o)
                0x0002ed80                _puts_r
                0x0002ee04                puts
 .text          0x0002ee18      0x208 c:/altera/13.1/nios2eds/bin/gnu/h-i686-mingw32/bin/../lib/gcc/nios2-elf/4.7.3/../../../../../H-i686-mingw32/nios2-elf/lib/mno-hw-mul\libc.a(lib_a-refill.o)
                0x0002ee34                __srefill_r
 .text          0x0002f020       0x4c c:/altera/13.1/nios2eds/bin/gnu/h-i686-mingw32/bin/../lib/gcc/nios2-elf/4.7.3/../../../../../H-i686-mingw32/nios2-elf/lib/mno-hw-mul\libc.a(lib_a-rewind.o)
                0x0002f020                _rewind_r
                0x0002f058                rewind
 .text          0x0002f06c       0x64 c:/altera/13.1/nios2eds/bin/gnu/h-i686-mingw32/bin/../lib/gcc/nios2-elf/4.7.3/../../../../../H-i686-mingw32/nios2-elf/lib/mno-hw-mul\libc.a(lib_a-sbrkr.o)
                0x0002f06c                _sbrk_r
 .text          0x0002f0d0       0x6c c:/altera/13.1/nios2eds/bin/gnu/h-i686-mingw32/bin/../lib/gcc/nios2-elf/4.7.3/../../../../../H-i686-mingw32/nios2-elf/lib/mno-hw-mul\libc.a(lib_a-scanf.o)
                0x0002f0d0                scanf
                0x0002f110                _scanf_r
 .text          0x0002f13c       0xc4 c:/altera/13.1/nios2eds/bin/gnu/h-i686-mingw32/bin/../lib/gcc/nios2-elf/4.7.3/../../../../../H-i686-mingw32/nios2-elf/lib/mno-hw-mul\libc.a(lib_a-sprintf.o)
                0x0002f13c                _sprintf_r
                0x0002f194                sprintf
 .text          0x0002f200       0xfc c:/altera/13.1/nios2eds/bin/gnu/h-i686-mingw32/bin/../lib/gcc/nios2-elf/4.7.3/../../../../../H-i686-mingw32/nios2-elf/lib/mno-hw-mul\libc.a(lib_a-sscanf.o)
                0x0002f208                sscanf
                0x0002f284                _sscanf_r
 .text          0x0002f2fc      0x140 c:/altera/13.1/nios2eds/bin/gnu/h-i686-mingw32/bin/../lib/gcc/nios2-elf/4.7.3/../../../../../H-i686-mingw32/nios2-elf/lib/mno-hw-mul\libc.a(lib_a-stdio.o)
                0x0002f2fc                __sread
                0x0002f350                __swrite
                0x0002f3d8                __sseek
                0x0002f434                __sclose
 .text          0x0002f43c       0x98 c:/altera/13.1/nios2eds/bin/gnu/h-i686-mingw32/bin/../lib/gcc/nios2-elf/4.7.3/../../../../../H-i686-mingw32/nios2-elf/lib/mno-hw-mul\libc.a(lib_a-strcat.o)
                0x0002f43c                strcat
 .text          0x0002f4d4       0xa4 c:/altera/13.1/nios2eds/bin/gnu/h-i686-mingw32/bin/../lib/gcc/nios2-elf/4.7.3/../../../../../H-i686-mingw32/nios2-elf/lib/mno-hw-mul\libc.a(lib_a-strcmp.o)
                0x0002f4d4                strcmp
 .text          0x0002f578       0x94 c:/altera/13.1/nios2eds/bin/gnu/h-i686-mingw32/bin/../lib/gcc/nios2-elf/4.7.3/../../../../../H-i686-mingw32/nios2-elf/lib/mno-hw-mul\libc.a(lib_a-strcpy.o)
                0x0002f578                strcpy
 .text          0x0002f60c       0x8c c:/altera/13.1/nios2eds/bin/gnu/h-i686-mingw32/bin/../lib/gcc/nios2-elf/4.7.3/../../../../../H-i686-mingw32/nios2-elf/lib/mno-hw-mul\libc.a(lib_a-strlen.o)
                0x0002f60c                strlen
 .text          0x0002f698       0xfc c:/altera/13.1/nios2eds/bin/gnu/h-i686-mingw32/bin/../lib/gcc/nios2-elf/4.7.3/../../../../../H-i686-mingw32/nios2-elf/lib/mno-hw-mul\libc.a(lib_a-strncmp.o)
                0x0002f698                strncmp
 .text          0x0002f794       0xb8 c:/altera/13.1/nios2eds/bin/gnu/h-i686-mingw32/bin/../lib/gcc/nios2-elf/4.7.3/../../../../../H-i686-mingw32/nios2-elf/lib/mno-hw-mul\libc.a(lib_a-strncpy.o)
                0x0002f794                strncpy
 .text          0x0002f84c       0xd8 c:/altera/13.1/nios2eds/bin/gnu/h-i686-mingw32/bin/../lib/gcc/nios2-elf/4.7.3/../../../../../H-i686-mingw32/nios2-elf/lib/mno-hw-mul\libc.a(lib_a-tmpfile.o)
                0x0002f84c                _tmpfile_r
                0x0002f914                tmpfile
 .text          0x0002f924      0x2a0 c:/altera/13.1/nios2eds/bin/gnu/h-i686-mingw32/bin/../lib/gcc/nios2-elf/4.7.3/../../../../../H-i686-mingw32/nios2-elf/lib/mno-hw-mul\libc.a(lib_a-tmpnam.o)
                0x0002fa04                _tmpnam_r
                0x0002fa9c                _tempnam_r
                0x0002fb94                tempnam
                0x0002fbb0                tmpnam
 .text          0x0002fbc4     0x1ed4 c:/altera/13.1/nios2eds/bin/gnu/h-i686-mingw32/bin/../lib/gcc/nios2-elf/4.7.3/../../../../../H-i686-mingw32/nios2-elf/lib/mno-hw-mul\libc.a(lib_a-vfprintf.o)
                0x0002fbf8                ___vfprintf_internal_r
                0x00031a74                __vfprintf_internal
 .text          0x00031a98     0x1788 c:/altera/13.1/nios2eds/bin/gnu/h-i686-mingw32/bin/../lib/gcc/nios2-elf/4.7.3/../../../../../H-i686-mingw32/nios2-elf/lib/mno-hw-mul\libc.a(lib_a-vfscanf.o)
                0x00031a98                __svfscanf_r
                0x00033140                _vfscanf_r
                0x0003318c                __svfscanf
                0x000331b0                vfscanf
 .text          0x00033220       0x6c c:/altera/13.1/nios2eds/bin/gnu/h-i686-mingw32/bin/../lib/gcc/nios2-elf/4.7.3/../../../../../H-i686-mingw32/nios2-elf/lib/mno-hw-mul\libc.a(lib_a-writer.o)
                0x00033220                _write_r
 .text          0x0003328c      0x174 c:/altera/13.1/nios2eds/bin/gnu/h-i686-mingw32/bin/../lib/gcc/nios2-elf/4.7.3/../../../../../H-i686-mingw32/nios2-elf/lib/mno-hw-mul\libc.a(lib_a-wsetup.o)
                0x0003328c                __swsetup_r
 .text          0x00033400      0x1a0 c:/altera/13.1/nios2eds/bin/gnu/h-i686-mingw32/bin/../lib/gcc/nios2-elf/4.7.3/../../../../../H-i686-mingw32/nios2-elf/lib/mno-hw-mul\libc.a(lib_a-__call_atexit.o)
                0x00033400                __call_exitprocs
 .text          0x000335a0       0x64 c:/altera/13.1/nios2eds/bin/gnu/h-i686-mingw32/bin/../lib/gcc/nios2-elf/4.7.3/../../../../../H-i686-mingw32/nios2-elf/lib/mno-hw-mul\libc.a(lib_a-closer.o)
                0x000335a0                _close_r
 .text          0x00033604     0x1858 c:/altera/13.1/nios2eds/bin/gnu/h-i686-mingw32/bin/../lib/gcc/nios2-elf/4.7.3/../../../../../H-i686-mingw32/nios2-elf/lib/mno-hw-mul\libc.a(lib_a-dtoa.o)
                0x00033840                _dtoa_r
 .text          0x00034e5c        0x0 c:/altera/13.1/nios2eds/bin/gnu/h-i686-mingw32/bin/../lib/gcc/nios2-elf/4.7.3/../../../../../H-i686-mingw32/nios2-elf/lib/mno-hw-mul\libc.a(lib_a-environ.o)
 .text          0x00034e5c       0xd4 c:/altera/13.1/nios2eds/bin/gnu/h-i686-mingw32/bin/../lib/gcc/nios2-elf/4.7.3/../../../../../H-i686-mingw32/nios2-elf/lib/mno-hw-mul\libc.a(lib_a-fdopen.o)
                0x00034e5c                _fdopen_r
                0x00034f14                fdopen
 .text          0x00034f30       0x98 c:/altera/13.1/nios2eds/bin/gnu/h-i686-mingw32/bin/../lib/gcc/nios2-elf/4.7.3/../../../../../H-i686-mingw32/nios2-elf/lib/mno-hw-mul\libc.a(lib_a-flags.o)
                0x00034f30                __sflags
 .text          0x00034fc8      0x4e4 c:/altera/13.1/nios2eds/bin/gnu/h-i686-mingw32/bin/../lib/gcc/nios2-elf/4.7.3/../../../../../H-i686-mingw32/nios2-elf/lib/mno-hw-mul\libc.a(lib_a-fvwrite.o)
                0x00034fc8                __sfvwrite_r
 .text          0x000354ac       0x64 c:/altera/13.1/nios2eds/bin/gnu/h-i686-mingw32/bin/../lib/gcc/nios2-elf/4.7.3/../../../../../H-i686-mingw32/nios2-elf/lib/mno-hw-mul\libc.a(lib_a-isattyr.o)
                0x000354ac                _isatty_r
 .text          0x00035510       0x38 c:/altera/13.1/nios2eds/bin/gnu/h-i686-mingw32/bin/../lib/gcc/nios2-elf/4.7.3/../../../../../H-i686-mingw32/nios2-elf/lib/mno-hw-mul\libc.a(lib_a-iswspace.o)
                0x00035510                iswspace
 .text          0x00035548       0xdc c:/altera/13.1/nios2eds/bin/gnu/h-i686-mingw32/bin/../lib/gcc/nios2-elf/4.7.3/../../../../../H-i686-mingw32/nios2-elf/lib/mno-hw-mul\libc.a(lib_a-locale.o)
                0x00035548                _setlocale_r
                0x000355e4                __locale_charset
                0x000355f0                _localeconv_r
                0x000355fc                setlocale
                0x00035618                localeconv
 .text          0x00035624       0x6c c:/altera/13.1/nios2eds/bin/gnu/h-i686-mingw32/bin/../lib/gcc/nios2-elf/4.7.3/../../../../../H-i686-mingw32/nios2-elf/lib/mno-hw-mul\libc.a(lib_a-lseekr.o)
                0x00035624                _lseek_r
 .text          0x00035690       0xa4 c:/altera/13.1/nios2eds/bin/gnu/h-i686-mingw32/bin/../lib/gcc/nios2-elf/4.7.3/../../../../../H-i686-mingw32/nios2-elf/lib/mno-hw-mul\libc.a(lib_a-mbrtowc.o)
                0x00035690                _mbrtowc_r
                0x000356f4                mbrtowc
 .text          0x00035734       0x44 c:/altera/13.1/nios2eds/bin/gnu/h-i686-mingw32/bin/../lib/gcc/nios2-elf/4.7.3/../../../../../H-i686-mingw32/nios2-elf/lib/mno-hw-mul\libc.a(lib_a-mbtowc_r.o)
                0x00035734                _mbtowc_r
 .text          0x00035778       0xf8 c:/altera/13.1/nios2eds/bin/gnu/h-i686-mingw32/bin/../lib/gcc/nios2-elf/4.7.3/../../../../../H-i686-mingw32/nios2-elf/lib/mno-hw-mul\libc.a(lib_a-memchr.o)
                0x00035778                memchr
 .text          0x00035870      0x18c c:/altera/13.1/nios2eds/bin/gnu/h-i686-mingw32/bin/../lib/gcc/nios2-elf/4.7.3/../../../../../H-i686-mingw32/nios2-elf/lib/mno-hw-mul\libc.a(lib_a-memmove.o)
                0x00035870                memmove
 .text          0x000359fc     0x1050 c:/altera/13.1/nios2eds/bin/gnu/h-i686-mingw32/bin/../lib/gcc/nios2-elf/4.7.3/../../../../../H-i686-mingw32/nios2-elf/lib/mno-hw-mul\libc.a(lib_a-mprec.o)
                0x000359fc                _Balloc
                0x00035aa4                _Bfree
                0x00035acc                __multadd
                0x00035c10                __s2b
                0x00035d14                __hi0bits
                0x00035d7c                __lo0bits
                0x00035e2c                __i2b
                0x00035e68                __multiply
                0x000360c0                __pow5mult
                0x000361ec                __lshift
                0x00036348                __mcmp
                0x000363a0                __mdiff
                0x00036548                __ulp
                0x000365a8                __b2d
                0x000366f0                __d2b
                0x00036834                __ratio
                0x000368d8                _mprec_log10
                0x0003694c                __copybits
                0x000369c8                __any_on
 .text          0x00036a4c       0x6c c:/altera/13.1/nios2eds/bin/gnu/h-i686-mingw32/bin/../lib/gcc/nios2-elf/4.7.3/../../../../../H-i686-mingw32/nios2-elf/lib/mno-hw-mul\libc.a(lib_a-readr.o)
                0x00036a4c                _read_r
 .text          0x00036ab8      0x5fc c:/altera/13.1/nios2eds/bin/gnu/h-i686-mingw32/bin/../lib/gcc/nios2-elf/4.7.3/../../../../../H-i686-mingw32/nios2-elf/lib/mno-hw-mul\libc.a(lib_a-reallocr.o)
                0x00036ab8                _realloc_r
 .text          0x000370b4       0x44 c:/altera/13.1/nios2eds/bin/gnu/h-i686-mingw32/bin/../lib/gcc/nios2-elf/4.7.3/../../../../../H-i686-mingw32/nios2-elf/lib/mno-hw-mul\libc.a(lib_a-remove.o)
                0x000370b4                _remove_r
                0x000370e4                remove
 .text          0x000370f8       0x38 c:/altera/13.1/nios2eds/bin/gnu/h-i686-mingw32/bin/../lib/gcc/nios2-elf/4.7.3/../../../../../H-i686-mingw32/nios2-elf/lib/mno-hw-mul\libc.a(lib_a-s_isinfd.o)
                0x000370f8                __isinfd
 .text          0x00037130       0x2c c:/altera/13.1/nios2eds/bin/gnu/h-i686-mingw32/bin/../lib/gcc/nios2-elf/4.7.3/../../../../../H-i686-mingw32/nios2-elf/lib/mno-hw-mul\libc.a(lib_a-s_isnand.o)
                0x00037130                __isnand
 .text          0x0003715c       0xc4 c:/altera/13.1/nios2eds/bin/gnu/h-i686-mingw32/bin/../lib/gcc/nios2-elf/4.7.3/../../../../../H-i686-mingw32/nios2-elf/lib/mno-hw-mul\libc.a(lib_a-sccl.o)
                0x0003715c                __sccl
 .text          0x00037220        0x8 c:/altera/13.1/nios2eds/bin/gnu/h-i686-mingw32/bin/../lib/gcc/nios2-elf/4.7.3/../../../../../H-i686-mingw32/nios2-elf/lib/mno-hw-mul\libc.a(lib_a-sf_nan.o)
                0x00037220                nanf
 .text          0x00037228       0x6c c:/altera/13.1/nios2eds/bin/gnu/h-i686-mingw32/bin/../lib/gcc/nios2-elf/4.7.3/../../../../../H-i686-mingw32/nios2-elf/lib/mno-hw-mul\libc.a(lib_a-signalr.o)
                0x00037228                _kill_r
                0x00037290                _getpid_r
 .text          0x00037294     0x1684 c:/altera/13.1/nios2eds/bin/gnu/h-i686-mingw32/bin/../lib/gcc/nios2-elf/4.7.3/../../../../../H-i686-mingw32/nios2-elf/lib/mno-hw-mul\libc.a(lib_a-strtod.o)
                0x00037294                _strtod_r
                0x000387dc                strtod
                0x000387f8                strtof
 .text          0x00038918      0x29c c:/altera/13.1/nios2eds/bin/gnu/h-i686-mingw32/bin/../lib/gcc/nios2-elf/4.7.3/../../../../../H-i686-mingw32/nios2-elf/lib/mno-hw-mul\libc.a(lib_a-strtol.o)
                0x00038918                _strtol_r
                0x00038b90                strtol
 .text          0x00038bb4      0x330 c:/altera/13.1/nios2eds/bin/gnu/h-i686-mingw32/bin/../lib/gcc/nios2-elf/4.7.3/../../../../../H-i686-mingw32/nios2-elf/lib/mno-hw-mul\libc.a(lib_a-strtoll_r.o)
                0x00038bb4                _strtoll_r
 .text          0x00038ee4      0x2c8 c:/altera/13.1/nios2eds/bin/gnu/h-i686-mingw32/bin/../lib/gcc/nios2-elf/4.7.3/../../../../../H-i686-mingw32/nios2-elf/lib/mno-hw-mul\libc.a(lib_a-strtoul.o)
                0x00038ee4                _strtoul_r
                0x00039188                strtoul
 .text          0x000391ac      0x394 c:/altera/13.1/nios2eds/bin/gnu/h-i686-mingw32/bin/../lib/gcc/nios2-elf/4.7.3/../../../../../H-i686-mingw32/nios2-elf/lib/mno-hw-mul\libc.a(lib_a-strtoull_r.o)
                0x000391ac                _strtoull_r
 .text          0x00039540      0x2a8 c:/altera/13.1/nios2eds/bin/gnu/h-i686-mingw32/bin/../lib/gcc/nios2-elf/4.7.3/../../../../../H-i686-mingw32/nios2-elf/lib/mno-hw-mul\libc.a(lib_a-ungetc.o)
                0x00039540                __submore
                0x00039630                _ungetc_r
                0x000397cc                ungetc
 .text          0x000397e8       0x64 c:/altera/13.1/nios2eds/bin/gnu/h-i686-mingw32/bin/../lib/gcc/nios2-elf/4.7.3/../../../../../H-i686-mingw32/nios2-elf/lib/mno-hw-mul\libc.a(lib_a-unlinkr.o)
                0x000397e8                _unlink_r
 .text          0x0003984c       0xcc c:/altera/13.1/nios2eds/bin/gnu/h-i686-mingw32/bin/../lib/gcc/nios2-elf/4.7.3/../../../../../H-i686-mingw32/nios2-elf/lib/mno-hw-mul\libc.a(lib_a-callocr.o)
                0x0003984c                _calloc_r
 .text          0x00039918      0x918 c:/altera/13.1/nios2eds/bin/gnu/h-i686-mingw32/bin/../lib/gcc/nios2-elf/4.7.3/../../../../../H-i686-mingw32/nios2-elf/lib/mno-hw-mul\libc.a(lib_a-gdtoa-gethex.o)
                0x00039a28                __hexdig_init
                0x00039ab8                __gethex
 .text          0x0003a230      0x28c c:/altera/13.1/nios2eds/bin/gnu/h-i686-mingw32/bin/../lib/gcc/nios2-elf/4.7.3/../../../../../H-i686-mingw32/nios2-elf/lib/mno-hw-mul\libc.a(lib_a-gdtoa-hexnan.o)
                0x0003a230                __hexnan
 .text          0x0003a4bc       0x84 c:/altera/13.1/nios2eds/bin/gnu/h-i686-mingw32/bin/../lib/gcc/nios2-elf/4.7.3/mno-hw-mul\libgcc.a(_fixunsdfsi.o)
                0x0003a4bc                __fixunsdfsi
 .text          0x0003a540      0x650 c:/altera/13.1/nios2eds/bin/gnu/h-i686-mingw32/bin/../lib/gcc/nios2-elf/4.7.3/mno-hw-mul\libgcc.a(_udivdi3.o)
                0x0003a540                __udivdi3
 .text          0x0003ab90      0x628 c:/altera/13.1/nios2eds/bin/gnu/h-i686-mingw32/bin/../lib/gcc/nios2-elf/4.7.3/mno-hw-mul\libgcc.a(_umoddi3.o)
                0x0003ab90                __umoddi3
 .text          0x0003b1b8       0x54 c:/altera/13.1/nios2eds/bin/gnu/h-i686-mingw32/bin/../lib/gcc/nios2-elf/4.7.3/mno-hw-mul\libgcc.a(_eq_sf.o)
                0x0003b1b8                __eqsf2
 .text          0x0003b20c       0x5c c:/altera/13.1/nios2eds/bin/gnu/h-i686-mingw32/bin/../lib/gcc/nios2-elf/4.7.3/mno-hw-mul\libgcc.a(_gt_sf.o)
                0x0003b20c                __gtsf2
 .text          0x0003b268       0x54 c:/altera/13.1/nios2eds/bin/gnu/h-i686-mingw32/bin/../lib/gcc/nios2-elf/4.7.3/mno-hw-mul\libgcc.a(_lt_sf.o)
                0x0003b268                __ltsf2
 .text          0x0003b2bc      0x408 c:/altera/13.1/nios2eds/bin/gnu/h-i686-mingw32/bin/../lib/gcc/nios2-elf/4.7.3/mno-hw-mul\libgcc.a(_addsub_df.o)
                0x0003b610                __adddf3
                0x0003b664                __subdf3
 .text          0x0003b6c4       0x5c c:/altera/13.1/nios2eds/bin/gnu/h-i686-mingw32/bin/../lib/gcc/nios2-elf/4.7.3/mno-hw-mul\libgcc.a(_eq_df.o)
                0x0003b6c4                __eqdf2
 .text          0x0003b720       0x5c c:/altera/13.1/nios2eds/bin/gnu/h-i686-mingw32/bin/../lib/gcc/nios2-elf/4.7.3/mno-hw-mul\libgcc.a(_ne_df.o)
                0x0003b720                __nedf2
 .text          0x0003b77c       0x64 c:/altera/13.1/nios2eds/bin/gnu/h-i686-mingw32/bin/../lib/gcc/nios2-elf/4.7.3/mno-hw-mul\libgcc.a(_gt_df.o)
                0x0003b77c                __gtdf2
 .text          0x0003b7e0       0x64 c:/altera/13.1/nios2eds/bin/gnu/h-i686-mingw32/bin/../lib/gcc/nios2-elf/4.7.3/mno-hw-mul\libgcc.a(_ge_df.o)
                0x0003b7e0                __gedf2
 .text          0x0003b844       0x5c c:/altera/13.1/nios2eds/bin/gnu/h-i686-mingw32/bin/../lib/gcc/nios2-elf/4.7.3/mno-hw-mul\libgcc.a(_lt_df.o)
                0x0003b844                __ltdf2
 .text          0x0003b8a0       0x5c c:/altera/13.1/nios2eds/bin/gnu/h-i686-mingw32/bin/../lib/gcc/nios2-elf/4.7.3/mno-hw-mul\libgcc.a(_le_df.o)
                0x0003b8a0                __ledf2
 .text          0x0003b8fc       0xd4 c:/altera/13.1/nios2eds/bin/gnu/h-i686-mingw32/bin/../lib/gcc/nios2-elf/4.7.3/mno-hw-mul\libgcc.a(_si_to_df.o)
                0x0003b8fc                __floatsidf
 .text          0x0003b9d0       0xd4 c:/altera/13.1/nios2eds/bin/gnu/h-i686-mingw32/bin/../lib/gcc/nios2-elf/4.7.3/mno-hw-mul\libgcc.a(_df_to_si.o)
                0x0003b9d0                __fixdfsi
 .text          0x0003baa4       0xbc c:/altera/13.1/nios2eds/bin/gnu/h-i686-mingw32/bin/../lib/gcc/nios2-elf/4.7.3/mno-hw-mul\libgcc.a(_fpcmp_parts_sf.o)
                0x0003baa4                __fpcmp_parts_f
 .text          0x0003bb60       0xd0 c:/altera/13.1/nios2eds/bin/gnu/h-i686-mingw32/bin/../lib/gcc/nios2-elf/4.7.3/mno-hw-mul\libgcc.a(_fpcmp_parts_df.o)
                0x0003bb60                __fpcmp_parts_d
 .text          0x0003bc30      0x11c ../jpeg_bsp/\libhal_bsp.a(alt_close.o)
                0x0003bc80                close
 .text          0x0003bd4c       0x2c ../jpeg_bsp/\libhal_bsp.a(alt_dev.o)
 .text          0x0003bd78       0x40 ../jpeg_bsp/\libhal_bsp.a(alt_env_lock.o)
                0x0003bd78                __env_lock
                0x0003bd98                __env_unlock
 .text          0x0003bdb8        0x0 ../jpeg_bsp/\libhal_bsp.a(alt_errno.o)
 .text          0x0003bdb8       0x3c ../jpeg_bsp/\libhal_bsp.a(alt_exit.o)
                0x0003bdb8                _exit
 .text          0x0003bdf4      0x100 ../jpeg_bsp/\libhal_bsp.a(alt_fstat.o)
                0x0003be44                fstat
 .text          0x0003bef4       0x20 ../jpeg_bsp/\libhal_bsp.a(alt_getpid.o)
                0x0003bef4                getpid
 .text          0x0003bf14       0xf4 ../jpeg_bsp/\libhal_bsp.a(alt_isatty.o)
                0x0003bf64                isatty
 .text          0x0003c008      0x180 ../jpeg_bsp/\libhal_bsp.a(alt_kill.o)
                0x0003c058                kill
 .text          0x0003c188       0xec ../jpeg_bsp/\libhal_bsp.a(alt_load.o)
                0x0003c1f4                alt_load
 .text          0x0003c274      0x124 ../jpeg_bsp/\libhal_bsp.a(alt_lseek.o)
                0x0003c2c4                lseek
 .text          0x0003c398       0x78 ../jpeg_bsp/\libhal_bsp.a(alt_main.o)
                0x0003c398                alt_main
 .text          0x0003c410       0x40 ../jpeg_bsp/\libhal_bsp.a(alt_malloc_lock.o)
                0x0003c410                __malloc_lock
                0x0003c430                __malloc_unlock
 .text          0x0003c450      0x298 ../jpeg_bsp/\libhal_bsp.a(alt_open.o)
                0x0003c590                open
 .text          0x0003c6e8      0x144 ../jpeg_bsp/\libhal_bsp.a(alt_read.o)
                0x0003c738                read
 .text          0x0003c82c       0x80 ../jpeg_bsp/\libhal_bsp.a(alt_release_fd.o)
                0x0003c82c                alt_release_fd
 .text          0x0003c8ac       0xb0 ../jpeg_bsp/\libhal_bsp.a(alt_sbrk.o)
                0x0003c8ac                sbrk
 .text          0x0003c95c       0x88 ../jpeg_bsp/\libhal_bsp.a(alt_unlink.o)
                0x0003c9ac                unlink
 .text          0x0003c9e4      0x140 ../jpeg_bsp/\libhal_bsp.a(alt_write.o)
                0x0003ca34                write
 .text          0x0003cb24       0xf0 ../jpeg_bsp/\libhal_bsp.a(alt_sys_init.o)
                0x0003cb5c                alt_irq_init
                0x0003cb90                alt_sys_init
 .text          0x0003cc14      0x164 ../jpeg_bsp/\libhal_bsp.a(altera_avalon_jtag_uart_fd.o)
                0x0003cc14                altera_avalon_jtag_uart_read_fd
                0x0003cc74                altera_avalon_jtag_uart_write_fd
                0x0003ccd4                altera_avalon_jtag_uart_close_fd
                0x0003cd24                altera_avalon_jtag_uart_ioctl_fd
 .text          0x0003cd78      0x3d0 ../jpeg_bsp/\libhal_bsp.a(altera_avalon_jtag_uart_init.o)
                0x0003cd78                altera_avalon_jtag_uart_init
                0x0003d0e0                altera_avalon_jtag_uart_close
 .text          0x0003d148       0xf4 ../jpeg_bsp/\libhal_bsp.a(altera_avalon_jtag_uart_ioctl.o)
                0x0003d148                altera_avalon_jtag_uart_ioctl
 .text          0x0003d23c      0x218 ../jpeg_bsp/\libhal_bsp.a(altera_avalon_jtag_uart_read.o)
                0x0003d23c                altera_avalon_jtag_uart_read
 .text          0x0003d454      0x224 ../jpeg_bsp/\libhal_bsp.a(altera_avalon_jtag_uart_write.o)
                0x0003d454                altera_avalon_jtag_uart_write
 .text          0x0003d678       0xfc ../jpeg_bsp/\libhal_bsp.a(altera_avalon_timer_sc.o)
                0x0003d6ec                alt_avalon_timer_sc_init
 .text          0x0003d774      0x628 ../jpeg_bsp/\libhal_bsp.a(altera_hostfs.o)
                0x0003d774                alt_hostfs_open
                0x0003d8e0                alt_hostfs_close
                0x0003d94c                alt_hostfs_read
                0x0003da04                alt_hostfs_write
                0x0003dabc                alt_hostfs_seek
                0x0003db74                alt_hostfs_fstat
 .text          0x0003dd9c      0xb9c ../jpeg_bsp/\libhal_bsp.a(altera_ro_zipfs.o)
                0x0003e01c                check_directory_header
                0x0003e5ac                alt_ro_zipfs_open
                0x0003e63c                alt_ro_zipfs_read
                0x0003e72c                alt_ro_zipfs_seek
                0x0003e868                alt_ro_zipfs_fstat
                0x0003e8e0                alt_ro_zipfs_check_valid
 .text          0x0003e938      0x140 ../jpeg_bsp/\libhal_bsp.a(alt_alarm_start.o)
                0x0003e938                alt_alarm_start
 .text          0x0003ea78       0x1c ../jpeg_bsp/\libhal_bsp.a(alt_dcache_flush_all.o)
                0x0003ea78                alt_dcache_flush_all
 .text          0x0003ea94       0xf0 ../jpeg_bsp/\libhal_bsp.a(alt_dev_llist_insert.o)
                0x0003eae4                alt_dev_llist_insert
 .text          0x0003eb84       0x5c ../jpeg_bsp/\libhal_bsp.a(alt_do_ctors.o)
                0x0003eb84                _do_ctors
 .text          0x0003ebe0       0x5c ../jpeg_bsp/\libhal_bsp.a(alt_do_dtors.o)
                0x0003ebe0                _do_dtors
 .text          0x0003ec3c       0x90 ../jpeg_bsp/\libhal_bsp.a(alt_find_dev.o)
                0x0003ec3c                alt_find_dev
 .text          0x0003eccc      0x114 ../jpeg_bsp/\libhal_bsp.a(alt_find_file.o)
                0x0003eccc                alt_find_file
 .text          0x0003ede0       0x84 ../jpeg_bsp/\libhal_bsp.a(alt_fs_reg.o)
                0x0003ede0                alt_fs_reg
 .text          0x0003ee64       0xd4 ../jpeg_bsp/\libhal_bsp.a(alt_get_fd.o)
                0x0003ee64                alt_get_fd
 .text          0x0003ef38       0x1c ../jpeg_bsp/\libhal_bsp.a(alt_icache_flush_all.o)
                0x0003ef38                alt_icache_flush_all
 .text          0x0003ef54      0x1d8 ../jpeg_bsp/\libhal_bsp.a(alt_iic.o)
                0x0003ef54                alt_ic_isr_register
                0x0003efa4                alt_ic_irq_enable
                0x0003f040                alt_ic_irq_disable
                0x0003f0e0                alt_ic_irq_enabled
 .text          0x0003f12c       0xf0 ../jpeg_bsp/\libhal_bsp.a(alt_iic_isr_register.o)
                0x0003f12c                alt_iic_isr_register
 .text          0x0003f21c      0x158 ../jpeg_bsp/\libhal_bsp.a(alt_io_redirect.o)
                0x0003f2fc                alt_io_redirect
 .text          0x0003f374        0x0 ../jpeg_bsp/\libhal_bsp.a(alt_irq_entry.o)
 .text          0x0003f374        0x0 ../jpeg_bsp/\libhal_bsp.a(alt_irq_handler.o)
 .text          0x0003f374        0x0 ../jpeg_bsp/\libhal_bsp.a(alt_irq_vars.o)
 .text          0x0003f374      0x19c ../jpeg_bsp/\libhal_bsp.a(alt_tick.o)
                0x0003f374                alt_alarm_stop
                0x0003f40c                alt_tick
 .text          0x0003f510       0x20 ../jpeg_bsp/\libhal_bsp.a(altera_nios2_qsys_irq.o)
                0x0003f510                altera_nios2_qsys_irq_init
 .text          0x0003f530        0x0 ../jpeg_bsp/\libhal_bsp.a(alt_exception_entry.o)
 .text          0x0003f530       0x14 c:/altera/13.1/nios2eds/bin/gnu/h-i686-mingw32/bin/../lib/gcc/nios2-elf/4.7.3/../../../../../H-i686-mingw32/nios2-elf/lib/mno-hw-mul\libc.a(lib_a-atexit.o)
                0x0003f530                atexit
 .text          0x0003f544       0x7c c:/altera/13.1/nios2eds/bin/gnu/h-i686-mingw32/bin/../lib/gcc/nios2-elf/4.7.3/../../../../../H-i686-mingw32/nios2-elf/lib/mno-hw-mul\libc.a(lib_a-memcmp.o)
                0x0003f544                memcmp
 .text          0x0003f5c0      0x130 c:/altera/13.1/nios2eds/bin/gnu/h-i686-mingw32/bin/../lib/gcc/nios2-elf/4.7.3/../../../../../H-i686-mingw32/nios2-elf/lib/mno-hw-mul\libc.a(lib_a-__atexit.o)
                0x0003f5c0                __register_exitproc
 *(.gnu.warning.*)
 *(.fini)
                0x0003f6f0                PROVIDE (__etext, ABSOLUTE (.))
                0x0003f6f0                PROVIDE (_etext, ABSOLUTE (.))
                0x0003f6f0                PROVIDE (etext, ABSOLUTE (.))
 *(.eh_frame_hdr)
                0x0003f6f0                . = ALIGN (0x4)
                0x0003f6f0                PROVIDE (__preinit_array_start, ABSOLUTE (.))
 *(.preinit_array)
                0x0003f6f0                PROVIDE (__preinit_array_end, ABSOLUTE (.))
                0x0003f6f0                PROVIDE (__init_array_start, ABSOLUTE (.))
 *(.init_array)
                0x0003f6f0                PROVIDE (__init_array_end, ABSOLUTE (.))
                0x0003f6f0                PROVIDE (__fini_array_start, ABSOLUTE (.))
 *(.fini_array)
                0x0003f6f0                PROVIDE (__fini_array_end, ABSOLUTE (.))
 *(.eh_frame)
 *(.gcc_except_table .gcc_except_table.*)
 *(.dynamic)
                0x0003f6f0                PROVIDE (__CTOR_LIST__, ABSOLUTE (.))
 *(.ctors)
 *(SORT(.ctors.*))
                0x0003f6f0                PROVIDE (__CTOR_END__, ABSOLUTE (.))
                0x0003f6f0                PROVIDE (__DTOR_LIST__, ABSOLUTE (.))
 *(.dtors)
 *(SORT(.dtors.*))
                0x0003f6f0                PROVIDE (__DTOR_END__, ABSOLUTE (.))
 *(.jcr)
                0x0003f6f0                . = ALIGN (0x4)

.rodata         0x0003f6f0     0x28c4
                0x0003f6f0                PROVIDE (__ram_rodata_start, ABSOLUTE (.))
                0x0003f6f0                . = ALIGN (0x4)
 *(.rodata .rodata.* .gnu.linkonce.r.*)
 .rodata        0x0003f6f0       0xc0 obj/default/application/bmp_extract.o
 .rodata        0x0003f7b0       0x14 obj/default/application/jpeg_encoding.o
 .rodata        0x0003f7c4      0x1c8 obj/default/application/jpegclib/jaricom.o
                0x0003f7c4                jpeg_aritab
 .rodata        0x0003f98c       0xc0 obj/default/application/jpegclib/jcdctmgr.o
 .rodata        0x0003fa4c      0x3a0 obj/default/application/jpegclib/jcparam.o
 .rodata        0x0003fdec     0x1514 obj/default/application/jpegclib/jerror.o
                0x000410fc                jpeg_std_message_table
 .rodata        0x00041300        0x4 obj/default/application/jpegclib/jmemansi.o
 .rodata        0x00041304       0x10 obj/default/application/jpegclib/jmemmgr.o
 .rodata        0x00041314      0x10c obj/default/application/jpegclib/jquant1.o
 .rodata        0x00041420      0x4ec obj/default/application/jpegclib/jutils.o
                0x00041420                jpeg_natural_order
                0x00041560                jpeg_natural_order7
                0x00041664                jpeg_natural_order6
                0x00041734                jpeg_natural_order5
                0x000417d8                jpeg_natural_order4
                0x00041858                jpeg_natural_order3
                0x000418bc                jpeg_natural_order2
 .rodata        0x0004190c       0x38 obj/default/jpeg_encoder.o
 .rodata        0x00041944       0x10 c:/altera/13.1/nios2eds/bin/gnu/h-i686-mingw32/bin/../lib/gcc/nios2-elf/4.7.3/mno-hw-mul\libgcc.a(_thenan_sf.o)
                0x00041944                __thenan_sf
 .rodata        0x00041954       0x14 c:/altera/13.1/nios2eds/bin/gnu/h-i686-mingw32/bin/../lib/gcc/nios2-elf/4.7.3/mno-hw-mul\libgcc.a(_thenan_df.o)
                0x00041954                __thenan_df
 .rodata        0x00041968      0x100 c:/altera/13.1/nios2eds/bin/gnu/h-i686-mingw32/bin/../lib/gcc/nios2-elf/4.7.3/mno-hw-mul\libgcc.a(_clz.o)
                0x00041968                __clz_tab
 .rodata        0x00041a68      0x281 c:/altera/13.1/nios2eds/bin/gnu/h-i686-mingw32/bin/../lib/gcc/nios2-elf/4.7.3/../../../../../H-i686-mingw32/nios2-elf/lib/mno-hw-mul\libc.a(lib_a-ctype_.o)
                0x00041a68                _ctype_
 *fill*         0x00041ce9        0x3 
 .rodata.str1.4
                0x00041cec        0x2 c:/altera/13.1/nios2eds/bin/gnu/h-i686-mingw32/bin/../lib/gcc/nios2-elf/4.7.3/../../../../../H-i686-mingw32/nios2-elf/lib/mno-hw-mul\libc.a(lib_a-impure.o)
                                  0x4 (size before relaxing)
 *fill*         0x00041cee        0x2 
 .rodata.str1.4
                0x00041cf0        0x2 c:/altera/13.1/nios2eds/bin/gnu/h-i686-mingw32/bin/../lib/gcc/nios2-elf/4.7.3/../../../../../H-i686-mingw32/nios2-elf/lib/mno-hw-mul\libc.a(lib_a-puts.o)
                                  0x4 (size before relaxing)
 *fill*         0x00041cf2        0x2 
 .rodata.str1.4
                0x00041cf4        0x4 c:/altera/13.1/nios2eds/bin/gnu/h-i686-mingw32/bin/../lib/gcc/nios2-elf/4.7.3/../../../../../H-i686-mingw32/nios2-elf/lib/mno-hw-mul\libc.a(lib_a-tmpfile.o)
 .rodata.str1.4
                0x00041cf8       0x1f c:/altera/13.1/nios2eds/bin/gnu/h-i686-mingw32/bin/../lib/gcc/nios2-elf/4.7.3/../../../../../H-i686-mingw32/nios2-elf/lib/mno-hw-mul\libc.a(lib_a-tmpnam.o)
                                 0x24 (size before relaxing)
 *fill*         0x00041d17        0x1 
 .rodata.str1.4
                0x00041d18       0x42 c:/altera/13.1/nios2eds/bin/gnu/h-i686-mingw32/bin/../lib/gcc/nios2-elf/4.7.3/../../../../../H-i686-mingw32/nios2-elf/lib/mno-hw-mul\libc.a(lib_a-vfprintf.o)
                                 0x44 (size before relaxing)
 .rodata        0x00041d5a       0x20 c:/altera/13.1/nios2eds/bin/gnu/h-i686-mingw32/bin/../lib/gcc/nios2-elf/4.7.3/../../../../../H-i686-mingw32/nios2-elf/lib/mno-hw-mul\libc.a(lib_a-vfprintf.o)
 *fill*         0x00041d7a        0x2 
 .rodata.str1.4
                0x00041d7c        0x5 c:/altera/13.1/nios2eds/bin/gnu/h-i686-mingw32/bin/../lib/gcc/nios2-elf/4.7.3/../../../../../H-i686-mingw32/nios2-elf/lib/mno-hw-mul\libc.a(lib_a-vfscanf.o)
                                  0x8 (size before relaxing)
 *fill*         0x00041d81        0x1 
 .rodata        0x00041d82       0x22 c:/altera/13.1/nios2eds/bin/gnu/h-i686-mingw32/bin/../lib/gcc/nios2-elf/4.7.3/../../../../../H-i686-mingw32/nios2-elf/lib/mno-hw-mul\libc.a(lib_a-vfscanf.o)
 .rodata.str1.4
                0x00041da4       0x10 c:/altera/13.1/nios2eds/bin/gnu/h-i686-mingw32/bin/../lib/gcc/nios2-elf/4.7.3/../../../../../H-i686-mingw32/nios2-elf/lib/mno-hw-mul\libc.a(lib_a-dtoa.o)
                                 0x14 (size before relaxing)
 .rodata.str1.4
                0x00041db4        0xe c:/altera/13.1/nios2eds/bin/gnu/h-i686-mingw32/bin/../lib/gcc/nios2-elf/4.7.3/../../../../../H-i686-mingw32/nios2-elf/lib/mno-hw-mul\libc.a(lib_a-locale.o)
                                 0x18 (size before relaxing)
 *fill*         0x00041dc2        0x2 
 .rodata        0x00041dc4       0x30 c:/altera/13.1/nios2eds/bin/gnu/h-i686-mingw32/bin/../lib/gcc/nios2-elf/4.7.3/../../../../../H-i686-mingw32/nios2-elf/lib/mno-hw-mul\libc.a(lib_a-locale.o)
 .rodata.str1.4
                0x00000000        0x4 c:/altera/13.1/nios2eds/bin/gnu/h-i686-mingw32/bin/../lib/gcc/nios2-elf/4.7.3/../../../../../H-i686-mingw32/nios2-elf/lib/mno-hw-mul\libc.a(lib_a-mbrtowc.o)
 .rodata        0x00041df4      0x124 c:/altera/13.1/nios2eds/bin/gnu/h-i686-mingw32/bin/../lib/gcc/nios2-elf/4.7.3/../../../../../H-i686-mingw32/nios2-elf/lib/mno-hw-mul\libc.a(lib_a-mprec.o)
                0x00041df4                __mprec_tinytens
                0x00041e1c                __mprec_bigtens
                0x00041e44                __mprec_tens
 .rodata.str1.4
                0x00041f18        0xf c:/altera/13.1/nios2eds/bin/gnu/h-i686-mingw32/bin/../lib/gcc/nios2-elf/4.7.3/../../../../../H-i686-mingw32/nios2-elf/lib/mno-hw-mul\libc.a(lib_a-strtod.o)
                                 0x10 (size before relaxing)
 *fill*         0x00041f27        0x1 
 .rodata        0x00041f28       0x28 c:/altera/13.1/nios2eds/bin/gnu/h-i686-mingw32/bin/../lib/gcc/nios2-elf/4.7.3/../../../../../H-i686-mingw32/nios2-elf/lib/mno-hw-mul\libc.a(lib_a-strtod.o)
 .rodata.str1.4
                0x00041f50       0x1c c:/altera/13.1/nios2eds/bin/gnu/h-i686-mingw32/bin/../lib/gcc/nios2-elf/4.7.3/../../../../../H-i686-mingw32/nios2-elf/lib/mno-hw-mul\libc.a(lib_a-gdtoa-gethex.o)
 .rodata        0x00041f6c        0xc ../jpeg_bsp/\libhal_bsp.a(alt_dev.o)
 .rodata        0x00041f78       0x10 ../jpeg_bsp/\libhal_bsp.a(alt_main.o)
 .rodata        0x00041f88       0x2c ../jpeg_bsp/\libhal_bsp.a(alt_sys_init.o)
 *(.rodata1)
                0x00041fb4                . = ALIGN (0x4)
                0x00041fb4                PROVIDE (__ram_rodata_end, ABSOLUTE (.))
                0x0003f6f0                PROVIDE (__flash_rodata_start, LOADADDR (.rodata))

.rwdata         0x00041fb4     0x1b38 load address 0x00043aec
                0x00041fb4                PROVIDE (__ram_rwdata_start, ABSOLUTE (.))
                0x00041fb4                . = ALIGN (0x4)
 *(.got.plt)
 *(.got)
 *(.data1)
 *(.data .data.* .gnu.linkonce.d.*)
 .data          0x00041fb4        0x0 ../jpeg_bsp//obj/HAL/src/crt0.o
 .data          0x00041fb4        0x0 obj/default/application/bmp_extract.o
 .data          0x00041fb4        0x0 obj/default/application/jpeg_encoding.o
 .data          0x00041fb4        0x0 obj/default/application/jpegclib/cdjpeg.o
 .data          0x00041fb4        0x0 obj/default/application/jpegclib/jaricom.o
 .data          0x00041fb4        0x0 obj/default/application/jpegclib/jcapimin.o
 .data          0x00041fb4        0x0 obj/default/application/jpegclib/jcapistd.o
 .data          0x00041fb4        0x0 obj/default/application/jpegclib/jcarith.o
 .data          0x00041fb4        0x0 obj/default/application/jpegclib/jccoefct.o
 .data          0x00041fb4        0x0 obj/default/application/jpegclib/jccolor.o
 .data          0x00041fb4        0x0 obj/default/application/jpegclib/jcdctmgr.o
 .data          0x00041fb4        0x0 obj/default/application/jpegclib/jchuff.o
 .data          0x00041fb4        0x0 obj/default/application/jpegclib/jcinit.o
 .data          0x00041fb4        0x0 obj/default/application/jpegclib/jcmainct.o
 .data          0x00041fb4        0x0 obj/default/application/jpegclib/jcmarker.o
 .data          0x00041fb4        0x0 obj/default/application/jpegclib/jcmaster.o
 .data          0x00041fb4        0x0 obj/default/application/jpegclib/jcomapi.o
 .data          0x00041fb4        0x0 obj/default/application/jpegclib/jcparam.o
 .data          0x00041fb4        0x0 obj/default/application/jpegclib/jcprepct.o
 .data          0x00041fb4        0x0 obj/default/application/jpegclib/jcsample.o
 .data          0x00041fb4        0x0 obj/default/application/jpegclib/jctrans.o
 .data          0x00041fb4        0x0 obj/default/application/jpegclib/jdatadst.o
 .data          0x00041fb4        0x0 obj/default/application/jpegclib/jerror.o
 .data          0x00041fb4        0x0 obj/default/application/jpegclib/jfdctflt.o
 .data          0x00041fb4        0x0 obj/default/application/jpegclib/jfdctfst.o
 .data          0x00041fb4        0x0 obj/default/application/jpegclib/jfdctint.o
 .data          0x00041fb4        0x0 obj/default/application/jpegclib/jidctflt.o
 .data          0x00041fb4        0x0 obj/default/application/jpegclib/jidctfst.o
 .data          0x00041fb4        0x0 obj/default/application/jpegclib/jidctint.o
 .data          0x00041fb4        0x0 obj/default/application/jpegclib/jmemansi.o
 .data          0x00041fb4        0x0 obj/default/application/jpegclib/jmemmgr.o
 .data          0x00041fb4        0x0 obj/default/application/jpegclib/jquant1.o
 .data          0x00041fb4        0x0 obj/default/application/jpegclib/jquant2.o
 .data          0x00041fb4        0x0 obj/default/application/jpegclib/jutils.o
 .data          0x00041fb4        0x0 obj/default/jpeg_encoder.o
 .data          0x00041fb4        0x0 c:/altera/13.1/nios2eds/bin/gnu/h-i686-mingw32/bin/../lib/gcc/nios2-elf/4.7.3/mno-hw-mul\libgcc.a(_addsub_sf.o)
 .data          0x00041fb4        0x0 c:/altera/13.1/nios2eds/bin/gnu/h-i686-mingw32/bin/../lib/gcc/nios2-elf/4.7.3/mno-hw-mul\libgcc.a(_mul_sf.o)
 .data          0x00041fb4        0x0 c:/altera/13.1/nios2eds/bin/gnu/h-i686-mingw32/bin/../lib/gcc/nios2-elf/4.7.3/mno-hw-mul\libgcc.a(_si_to_sf.o)
 .data          0x00041fb4        0x0 c:/altera/13.1/nios2eds/bin/gnu/h-i686-mingw32/bin/../lib/gcc/nios2-elf/4.7.3/mno-hw-mul\libgcc.a(_sf_to_si.o)
 .data          0x00041fb4        0x0 c:/altera/13.1/nios2eds/bin/gnu/h-i686-mingw32/bin/../lib/gcc/nios2-elf/4.7.3/mno-hw-mul\libgcc.a(_thenan_sf.o)
 .data          0x00041fb4        0x0 c:/altera/13.1/nios2eds/bin/gnu/h-i686-mingw32/bin/../lib/gcc/nios2-elf/4.7.3/mno-hw-mul\libgcc.a(_mul_df.o)
 .data          0x00041fb4        0x0 c:/altera/13.1/nios2eds/bin/gnu/h-i686-mingw32/bin/../lib/gcc/nios2-elf/4.7.3/mno-hw-mul\libgcc.a(_div_df.o)
 .data          0x00041fb4        0x0 c:/altera/13.1/nios2eds/bin/gnu/h-i686-mingw32/bin/../lib/gcc/nios2-elf/4.7.3/mno-hw-mul\libgcc.a(_df_to_sf.o)
 .data          0x00041fb4        0x0 c:/altera/13.1/nios2eds/bin/gnu/h-i686-mingw32/bin/../lib/gcc/nios2-elf/4.7.3/mno-hw-mul\libgcc.a(_thenan_df.o)
 .data          0x00041fb4        0x0 c:/altera/13.1/nios2eds/bin/gnu/h-i686-mingw32/bin/../lib/gcc/nios2-elf/4.7.3/mno-hw-mul\libgcc.a(_usi_to_df.o)
 .data          0x00041fb4        0x0 c:/altera/13.1/nios2eds/bin/gnu/h-i686-mingw32/bin/../lib/gcc/nios2-elf/4.7.3/mno-hw-mul\libgcc.a(lib2-divmod.o)
 .data          0x00041fb4        0x0 c:/altera/13.1/nios2eds/bin/gnu/h-i686-mingw32/bin/../lib/gcc/nios2-elf/4.7.3/mno-hw-mul\libgcc.a(lib2-mul.o)
 .data          0x00041fb4        0x0 c:/altera/13.1/nios2eds/bin/gnu/h-i686-mingw32/bin/../lib/gcc/nios2-elf/4.7.3/mno-hw-mul\libgcc.a(_muldi3.o)
 .data          0x00041fb4        0x0 c:/altera/13.1/nios2eds/bin/gnu/h-i686-mingw32/bin/../lib/gcc/nios2-elf/4.7.3/mno-hw-mul\libgcc.a(_clzsi2.o)
 .data          0x00041fb4        0x0 c:/altera/13.1/nios2eds/bin/gnu/h-i686-mingw32/bin/../lib/gcc/nios2-elf/4.7.3/mno-hw-mul\libgcc.a(_pack_sf.o)
 .data          0x00041fb4        0x0 c:/altera/13.1/nios2eds/bin/gnu/h-i686-mingw32/bin/../lib/gcc/nios2-elf/4.7.3/mno-hw-mul\libgcc.a(_unpack_sf.o)
 .data          0x00041fb4        0x0 c:/altera/13.1/nios2eds/bin/gnu/h-i686-mingw32/bin/../lib/gcc/nios2-elf/4.7.3/mno-hw-mul\libgcc.a(_make_sf.o)
 .data          0x00041fb4        0x0 c:/altera/13.1/nios2eds/bin/gnu/h-i686-mingw32/bin/../lib/gcc/nios2-elf/4.7.3/mno-hw-mul\libgcc.a(_pack_df.o)
 .data          0x00041fb4        0x0 c:/altera/13.1/nios2eds/bin/gnu/h-i686-mingw32/bin/../lib/gcc/nios2-elf/4.7.3/mno-hw-mul\libgcc.a(_unpack_df.o)
 .data          0x00041fb4        0x0 c:/altera/13.1/nios2eds/bin/gnu/h-i686-mingw32/bin/../lib/gcc/nios2-elf/4.7.3/mno-hw-mul\libgcc.a(_lshrdi3.o)
 .data          0x00041fb4        0x0 c:/altera/13.1/nios2eds/bin/gnu/h-i686-mingw32/bin/../lib/gcc/nios2-elf/4.7.3/mno-hw-mul\libgcc.a(_ashldi3.o)
 .data          0x00041fb4        0x0 c:/altera/13.1/nios2eds/bin/gnu/h-i686-mingw32/bin/../lib/gcc/nios2-elf/4.7.3/mno-hw-mul\libgcc.a(_clz.o)
 .data          0x00041fb4        0x0 c:/altera/13.1/nios2eds/bin/gnu/h-i686-mingw32/bin/../lib/gcc/nios2-elf/4.7.3/../../../../../H-i686-mingw32/nios2-elf/lib/mno-hw-mul\libc.a(lib_a-ctype_.o)
 .data          0x00041fb4        0x0 c:/altera/13.1/nios2eds/bin/gnu/h-i686-mingw32/bin/../lib/gcc/nios2-elf/4.7.3/../../../../../H-i686-mingw32/nios2-elf/lib/mno-hw-mul\libc.a(lib_a-exit.o)
 .data          0x00041fb4        0x0 c:/altera/13.1/nios2eds/bin/gnu/h-i686-mingw32/bin/../lib/gcc/nios2-elf/4.7.3/../../../../../H-i686-mingw32/nios2-elf/lib/mno-hw-mul\libc.a(lib_a-fclose.o)
 .data          0x00041fb4        0x0 c:/altera/13.1/nios2eds/bin/gnu/h-i686-mingw32/bin/../lib/gcc/nios2-elf/4.7.3/../../../../../H-i686-mingw32/nios2-elf/lib/mno-hw-mul\libc.a(lib_a-fflush.o)
 .data          0x00041fb4        0x0 c:/altera/13.1/nios2eds/bin/gnu/h-i686-mingw32/bin/../lib/gcc/nios2-elf/4.7.3/../../../../../H-i686-mingw32/nios2-elf/lib/mno-hw-mul\libc.a(lib_a-findfp.o)
 .data          0x00041fb4        0x0 c:/altera/13.1/nios2eds/bin/gnu/h-i686-mingw32/bin/../lib/gcc/nios2-elf/4.7.3/../../../../../H-i686-mingw32/nios2-elf/lib/mno-hw-mul\libc.a(lib_a-fopen.o)
 .data          0x00041fb4        0x0 c:/altera/13.1/nios2eds/bin/gnu/h-i686-mingw32/bin/../lib/gcc/nios2-elf/4.7.3/../../../../../H-i686-mingw32/nios2-elf/lib/mno-hw-mul\libc.a(lib_a-fprintf.o)
 .data          0x00041fb4        0x0 c:/altera/13.1/nios2eds/bin/gnu/h-i686-mingw32/bin/../lib/gcc/nios2-elf/4.7.3/../../../../../H-i686-mingw32/nios2-elf/lib/mno-hw-mul\libc.a(lib_a-fread.o)
 .data          0x00041fb4        0x0 c:/altera/13.1/nios2eds/bin/gnu/h-i686-mingw32/bin/../lib/gcc/nios2-elf/4.7.3/../../../../../H-i686-mingw32/nios2-elf/lib/mno-hw-mul\libc.a(lib_a-freer.o)
 .data          0x00041fb4        0x0 c:/altera/13.1/nios2eds/bin/gnu/h-i686-mingw32/bin/../lib/gcc/nios2-elf/4.7.3/../../../../../H-i686-mingw32/nios2-elf/lib/mno-hw-mul\libc.a(lib_a-fseek.o)
 .data          0x00041fb4        0x0 c:/altera/13.1/nios2eds/bin/gnu/h-i686-mingw32/bin/../lib/gcc/nios2-elf/4.7.3/../../../../../H-i686-mingw32/nios2-elf/lib/mno-hw-mul\libc.a(lib_a-fstatr.o)
 .data          0x00041fb4        0x0 c:/altera/13.1/nios2eds/bin/gnu/h-i686-mingw32/bin/../lib/gcc/nios2-elf/4.7.3/../../../../../H-i686-mingw32/nios2-elf/lib/mno-hw-mul\libc.a(lib_a-ftell.o)
 .data          0x00041fb4        0x0 c:/altera/13.1/nios2eds/bin/gnu/h-i686-mingw32/bin/../lib/gcc/nios2-elf/4.7.3/../../../../../H-i686-mingw32/nios2-elf/lib/mno-hw-mul\libc.a(lib_a-fwalk.o)
 .data          0x00041fb4        0x0 c:/altera/13.1/nios2eds/bin/gnu/h-i686-mingw32/bin/../lib/gcc/nios2-elf/4.7.3/../../../../../H-i686-mingw32/nios2-elf/lib/mno-hw-mul\libc.a(lib_a-fwrite.o)
 .data          0x00041fb4        0x0 c:/altera/13.1/nios2eds/bin/gnu/h-i686-mingw32/bin/../lib/gcc/nios2-elf/4.7.3/../../../../../H-i686-mingw32/nios2-elf/lib/mno-hw-mul\libc.a(lib_a-getenv.o)
 .data          0x00041fb4        0x0 c:/altera/13.1/nios2eds/bin/gnu/h-i686-mingw32/bin/../lib/gcc/nios2-elf/4.7.3/../../../../../H-i686-mingw32/nios2-elf/lib/mno-hw-mul\libc.a(lib_a-getenv_r.o)
 .data          0x00041fb4      0x400 c:/altera/13.1/nios2eds/bin/gnu/h-i686-mingw32/bin/../lib/gcc/nios2-elf/4.7.3/../../../../../H-i686-mingw32/nios2-elf/lib/mno-hw-mul\libc.a(lib_a-impure.o)
 .data          0x000423b4        0x0 c:/altera/13.1/nios2eds/bin/gnu/h-i686-mingw32/bin/../lib/gcc/nios2-elf/4.7.3/../../../../../H-i686-mingw32/nios2-elf/lib/mno-hw-mul\libc.a(lib_a-int_errno.o)
 .data          0x000423b4        0x0 c:/altera/13.1/nios2eds/bin/gnu/h-i686-mingw32/bin/../lib/gcc/nios2-elf/4.7.3/../../../../../H-i686-mingw32/nios2-elf/lib/mno-hw-mul\libc.a(lib_a-makebuf.o)
 .data          0x000423b4        0x0 c:/altera/13.1/nios2eds/bin/gnu/h-i686-mingw32/bin/../lib/gcc/nios2-elf/4.7.3/../../../../../H-i686-mingw32/nios2-elf/lib/mno-hw-mul\libc.a(lib_a-malloc.o)
 .data          0x000423b4      0x408 c:/altera/13.1/nios2eds/bin/gnu/h-i686-mingw32/bin/../lib/gcc/nios2-elf/4.7.3/../../../../../H-i686-mingw32/nios2-elf/lib/mno-hw-mul\libc.a(lib_a-mallocr.o)
                0x000423b4                __malloc_av_
 .data          0x000427bc        0x0 c:/altera/13.1/nios2eds/bin/gnu/h-i686-mingw32/bin/../lib/gcc/nios2-elf/4.7.3/../../../../../H-i686-mingw32/nios2-elf/lib/mno-hw-mul\libc.a(lib_a-memcpy.o)
 .data          0x000427bc        0x0 c:/altera/13.1/nios2eds/bin/gnu/h-i686-mingw32/bin/../lib/gcc/nios2-elf/4.7.3/../../../../../H-i686-mingw32/nios2-elf/lib/mno-hw-mul\libc.a(lib_a-memset.o)
 .data          0x000427bc        0x0 c:/altera/13.1/nios2eds/bin/gnu/h-i686-mingw32/bin/../lib/gcc/nios2-elf/4.7.3/../../../../../H-i686-mingw32/nios2-elf/lib/mno-hw-mul\libc.a(lib_a-openr.o)
 .data          0x000427bc        0x0 c:/altera/13.1/nios2eds/bin/gnu/h-i686-mingw32/bin/../lib/gcc/nios2-elf/4.7.3/../../../../../H-i686-mingw32/nios2-elf/lib/mno-hw-mul\libc.a(lib_a-printf.o)
 .data          0x000427bc        0x0 c:/altera/13.1/nios2eds/bin/gnu/h-i686-mingw32/bin/../lib/gcc/nios2-elf/4.7.3/../../../../../H-i686-mingw32/nios2-elf/lib/mno-hw-mul\libc.a(lib_a-puts.o)
 .data          0x000427bc        0x0 c:/altera/13.1/nios2eds/bin/gnu/h-i686-mingw32/bin/../lib/gcc/nios2-elf/4.7.3/../../../../../H-i686-mingw32/nios2-elf/lib/mno-hw-mul\libc.a(lib_a-refill.o)
 .data          0x000427bc        0x0 c:/altera/13.1/nios2eds/bin/gnu/h-i686-mingw32/bin/../lib/gcc/nios2-elf/4.7.3/../../../../../H-i686-mingw32/nios2-elf/lib/mno-hw-mul\libc.a(lib_a-rewind.o)
 .data          0x000427bc        0x0 c:/altera/13.1/nios2eds/bin/gnu/h-i686-mingw32/bin/../lib/gcc/nios2-elf/4.7.3/../../../../../H-i686-mingw32/nios2-elf/lib/mno-hw-mul\libc.a(lib_a-sbrkr.o)
 .data          0x000427bc        0x0 c:/altera/13.1/nios2eds/bin/gnu/h-i686-mingw32/bin/../lib/gcc/nios2-elf/4.7.3/../../../../../H-i686-mingw32/nios2-elf/lib/mno-hw-mul\libc.a(lib_a-scanf.o)
 .data          0x000427bc        0x0 c:/altera/13.1/nios2eds/bin/gnu/h-i686-mingw32/bin/../lib/gcc/nios2-elf/4.7.3/../../../../../H-i686-mingw32/nios2-elf/lib/mno-hw-mul\libc.a(lib_a-sprintf.o)
 .data          0x000427bc        0x0 c:/altera/13.1/nios2eds/bin/gnu/h-i686-mingw32/bin/../lib/gcc/nios2-elf/4.7.3/../../../../../H-i686-mingw32/nios2-elf/lib/mno-hw-mul\libc.a(lib_a-sscanf.o)
 .data          0x000427bc        0x0 c:/altera/13.1/nios2eds/bin/gnu/h-i686-mingw32/bin/../lib/gcc/nios2-elf/4.7.3/../../../../../H-i686-mingw32/nios2-elf/lib/mno-hw-mul\libc.a(lib_a-stdio.o)
 .data          0x000427bc        0x0 c:/altera/13.1/nios2eds/bin/gnu/h-i686-mingw32/bin/../lib/gcc/nios2-elf/4.7.3/../../../../../H-i686-mingw32/nios2-elf/lib/mno-hw-mul\libc.a(lib_a-strcat.o)
 .data          0x000427bc        0x0 c:/altera/13.1/nios2eds/bin/gnu/h-i686-mingw32/bin/../lib/gcc/nios2-elf/4.7.3/../../../../../H-i686-mingw32/nios2-elf/lib/mno-hw-mul\libc.a(lib_a-strcmp.o)
 .data          0x000427bc        0x0 c:/altera/13.1/nios2eds/bin/gnu/h-i686-mingw32/bin/../lib/gcc/nios2-elf/4.7.3/../../../../../H-i686-mingw32/nios2-elf/lib/mno-hw-mul\libc.a(lib_a-strcpy.o)
 .data          0x000427bc        0x0 c:/altera/13.1/nios2eds/bin/gnu/h-i686-mingw32/bin/../lib/gcc/nios2-elf/4.7.3/../../../../../H-i686-mingw32/nios2-elf/lib/mno-hw-mul\libc.a(lib_a-strlen.o)
 .data          0x000427bc        0x0 c:/altera/13.1/nios2eds/bin/gnu/h-i686-mingw32/bin/../lib/gcc/nios2-elf/4.7.3/../../../../../H-i686-mingw32/nios2-elf/lib/mno-hw-mul\libc.a(lib_a-strncmp.o)
 .data          0x000427bc        0x0 c:/altera/13.1/nios2eds/bin/gnu/h-i686-mingw32/bin/../lib/gcc/nios2-elf/4.7.3/../../../../../H-i686-mingw32/nios2-elf/lib/mno-hw-mul\libc.a(lib_a-strncpy.o)
 .data          0x000427bc        0x0 c:/altera/13.1/nios2eds/bin/gnu/h-i686-mingw32/bin/../lib/gcc/nios2-elf/4.7.3/../../../../../H-i686-mingw32/nios2-elf/lib/mno-hw-mul\libc.a(lib_a-tmpfile.o)
 .data          0x000427bc        0x0 c:/altera/13.1/nios2eds/bin/gnu/h-i686-mingw32/bin/../lib/gcc/nios2-elf/4.7.3/../../../../../H-i686-mingw32/nios2-elf/lib/mno-hw-mul\libc.a(lib_a-tmpnam.o)
 .data          0x000427bc        0x0 c:/altera/13.1/nios2eds/bin/gnu/h-i686-mingw32/bin/../lib/gcc/nios2-elf/4.7.3/../../../../../H-i686-mingw32/nios2-elf/lib/mno-hw-mul\libc.a(lib_a-vfprintf.o)
 .data          0x000427bc        0x0 c:/altera/13.1/nios2eds/bin/gnu/h-i686-mingw32/bin/../lib/gcc/nios2-elf/4.7.3/../../../../../H-i686-mingw32/nios2-elf/lib/mno-hw-mul\libc.a(lib_a-vfscanf.o)
 .data          0x000427bc        0x0 c:/altera/13.1/nios2eds/bin/gnu/h-i686-mingw32/bin/../lib/gcc/nios2-elf/4.7.3/../../../../../H-i686-mingw32/nios2-elf/lib/mno-hw-mul\libc.a(lib_a-writer.o)
 .data          0x000427bc        0x0 c:/altera/13.1/nios2eds/bin/gnu/h-i686-mingw32/bin/../lib/gcc/nios2-elf/4.7.3/../../../../../H-i686-mingw32/nios2-elf/lib/mno-hw-mul\libc.a(lib_a-wsetup.o)
 .data          0x000427bc        0x0 c:/altera/13.1/nios2eds/bin/gnu/h-i686-mingw32/bin/../lib/gcc/nios2-elf/4.7.3/../../../../../H-i686-mingw32/nios2-elf/lib/mno-hw-mul\libc.a(lib_a-__call_atexit.o)
 .data          0x000427bc        0x0 c:/altera/13.1/nios2eds/bin/gnu/h-i686-mingw32/bin/../lib/gcc/nios2-elf/4.7.3/../../../../../H-i686-mingw32/nios2-elf/lib/mno-hw-mul\libc.a(lib_a-closer.o)
 .data          0x000427bc        0x0 c:/altera/13.1/nios2eds/bin/gnu/h-i686-mingw32/bin/../lib/gcc/nios2-elf/4.7.3/../../../../../H-i686-mingw32/nios2-elf/lib/mno-hw-mul\libc.a(lib_a-dtoa.o)
 .data          0x000427bc        0x0 c:/altera/13.1/nios2eds/bin/gnu/h-i686-mingw32/bin/../lib/gcc/nios2-elf/4.7.3/../../../../../H-i686-mingw32/nios2-elf/lib/mno-hw-mul\libc.a(lib_a-environ.o)
 .data          0x000427bc        0x0 c:/altera/13.1/nios2eds/bin/gnu/h-i686-mingw32/bin/../lib/gcc/nios2-elf/4.7.3/../../../../../H-i686-mingw32/nios2-elf/lib/mno-hw-mul\libc.a(lib_a-fdopen.o)
 .data          0x000427bc        0x0 c:/altera/13.1/nios2eds/bin/gnu/h-i686-mingw32/bin/../lib/gcc/nios2-elf/4.7.3/../../../../../H-i686-mingw32/nios2-elf/lib/mno-hw-mul\libc.a(lib_a-flags.o)
 .data          0x000427bc        0x0 c:/altera/13.1/nios2eds/bin/gnu/h-i686-mingw32/bin/../lib/gcc/nios2-elf/4.7.3/../../../../../H-i686-mingw32/nios2-elf/lib/mno-hw-mul\libc.a(lib_a-fvwrite.o)
 .data          0x000427bc        0x0 c:/altera/13.1/nios2eds/bin/gnu/h-i686-mingw32/bin/../lib/gcc/nios2-elf/4.7.3/../../../../../H-i686-mingw32/nios2-elf/lib/mno-hw-mul\libc.a(lib_a-isattyr.o)
 .data          0x000427bc        0x0 c:/altera/13.1/nios2eds/bin/gnu/h-i686-mingw32/bin/../lib/gcc/nios2-elf/4.7.3/../../../../../H-i686-mingw32/nios2-elf/lib/mno-hw-mul\libc.a(lib_a-iswspace.o)
 .data          0x000427bc        0xc c:/altera/13.1/nios2eds/bin/gnu/h-i686-mingw32/bin/../lib/gcc/nios2-elf/4.7.3/../../../../../H-i686-mingw32/nios2-elf/lib/mno-hw-mul\libc.a(lib_a-locale.o)
                0x000427bc                __lc_ctype
 .data          0x000427c8        0x0 c:/altera/13.1/nios2eds/bin/gnu/h-i686-mingw32/bin/../lib/gcc/nios2-elf/4.7.3/../../../../../H-i686-mingw32/nios2-elf/lib/mno-hw-mul\libc.a(lib_a-lseekr.o)
 .data          0x000427c8        0x0 c:/altera/13.1/nios2eds/bin/gnu/h-i686-mingw32/bin/../lib/gcc/nios2-elf/4.7.3/../../../../../H-i686-mingw32/nios2-elf/lib/mno-hw-mul\libc.a(lib_a-mbrtowc.o)
 .data          0x000427c8        0x0 c:/altera/13.1/nios2eds/bin/gnu/h-i686-mingw32/bin/../lib/gcc/nios2-elf/4.7.3/../../../../../H-i686-mingw32/nios2-elf/lib/mno-hw-mul\libc.a(lib_a-mbtowc_r.o)
 .data          0x000427c8        0x0 c:/altera/13.1/nios2eds/bin/gnu/h-i686-mingw32/bin/../lib/gcc/nios2-elf/4.7.3/../../../../../H-i686-mingw32/nios2-elf/lib/mno-hw-mul\libc.a(lib_a-memchr.o)
 .data          0x000427c8        0x0 c:/altera/13.1/nios2eds/bin/gnu/h-i686-mingw32/bin/../lib/gcc/nios2-elf/4.7.3/../../../../../H-i686-mingw32/nios2-elf/lib/mno-hw-mul\libc.a(lib_a-memmove.o)
 .data          0x000427c8        0x0 c:/altera/13.1/nios2eds/bin/gnu/h-i686-mingw32/bin/../lib/gcc/nios2-elf/4.7.3/../../../../../H-i686-mingw32/nios2-elf/lib/mno-hw-mul\libc.a(lib_a-mprec.o)
 .data          0x000427c8        0x0 c:/altera/13.1/nios2eds/bin/gnu/h-i686-mingw32/bin/../lib/gcc/nios2-elf/4.7.3/../../../../../H-i686-mingw32/nios2-elf/lib/mno-hw-mul\libc.a(lib_a-readr.o)
 .data          0x000427c8        0x0 c:/altera/13.1/nios2eds/bin/gnu/h-i686-mingw32/bin/../lib/gcc/nios2-elf/4.7.3/../../../../../H-i686-mingw32/nios2-elf/lib/mno-hw-mul\libc.a(lib_a-reallocr.o)
 .data          0x000427c8        0x0 c:/altera/13.1/nios2eds/bin/gnu/h-i686-mingw32/bin/../lib/gcc/nios2-elf/4.7.3/../../../../../H-i686-mingw32/nios2-elf/lib/mno-hw-mul\libc.a(lib_a-remove.o)
 .data          0x000427c8        0x0 c:/altera/13.1/nios2eds/bin/gnu/h-i686-mingw32/bin/../lib/gcc/nios2-elf/4.7.3/../../../../../H-i686-mingw32/nios2-elf/lib/mno-hw-mul\libc.a(lib_a-s_isinfd.o)
 .data          0x000427c8        0x0 c:/altera/13.1/nios2eds/bin/gnu/h-i686-mingw32/bin/../lib/gcc/nios2-elf/4.7.3/../../../../../H-i686-mingw32/nios2-elf/lib/mno-hw-mul\libc.a(lib_a-s_isnand.o)
 .data          0x000427c8        0x0 c:/altera/13.1/nios2eds/bin/gnu/h-i686-mingw32/bin/../lib/gcc/nios2-elf/4.7.3/../../../../../H-i686-mingw32/nios2-elf/lib/mno-hw-mul\libc.a(lib_a-sccl.o)
 .data          0x000427c8        0x0 c:/altera/13.1/nios2eds/bin/gnu/h-i686-mingw32/bin/../lib/gcc/nios2-elf/4.7.3/../../../../../H-i686-mingw32/nios2-elf/lib/mno-hw-mul\libc.a(lib_a-sf_nan.o)
 .data          0x000427c8        0x0 c:/altera/13.1/nios2eds/bin/gnu/h-i686-mingw32/bin/../lib/gcc/nios2-elf/4.7.3/../../../../../H-i686-mingw32/nios2-elf/lib/mno-hw-mul\libc.a(lib_a-signalr.o)
 .data          0x000427c8       0x28 c:/altera/13.1/nios2eds/bin/gnu/h-i686-mingw32/bin/../lib/gcc/nios2-elf/4.7.3/../../../../../H-i686-mingw32/nios2-elf/lib/mno-hw-mul\libc.a(lib_a-strtod.o)
 .data          0x000427f0        0x0 c:/altera/13.1/nios2eds/bin/gnu/h-i686-mingw32/bin/../lib/gcc/nios2-elf/4.7.3/../../../../../H-i686-mingw32/nios2-elf/lib/mno-hw-mul\libc.a(lib_a-strtol.o)
 .data          0x000427f0        0x0 c:/altera/13.1/nios2eds/bin/gnu/h-i686-mingw32/bin/../lib/gcc/nios2-elf/4.7.3/../../../../../H-i686-mingw32/nios2-elf/lib/mno-hw-mul\libc.a(lib_a-strtoll_r.o)
 .data          0x000427f0        0x0 c:/altera/13.1/nios2eds/bin/gnu/h-i686-mingw32/bin/../lib/gcc/nios2-elf/4.7.3/../../../../../H-i686-mingw32/nios2-elf/lib/mno-hw-mul\libc.a(lib_a-strtoul.o)
 .data          0x000427f0        0x0 c:/altera/13.1/nios2eds/bin/gnu/h-i686-mingw32/bin/../lib/gcc/nios2-elf/4.7.3/../../../../../H-i686-mingw32/nios2-elf/lib/mno-hw-mul\libc.a(lib_a-strtoull_r.o)
 .data          0x000427f0        0x0 c:/altera/13.1/nios2eds/bin/gnu/h-i686-mingw32/bin/../lib/gcc/nios2-elf/4.7.3/../../../../../H-i686-mingw32/nios2-elf/lib/mno-hw-mul\libc.a(lib_a-ungetc.o)
 .data          0x000427f0        0x0 c:/altera/13.1/nios2eds/bin/gnu/h-i686-mingw32/bin/../lib/gcc/nios2-elf/4.7.3/../../../../../H-i686-mingw32/nios2-elf/lib/mno-hw-mul\libc.a(lib_a-unlinkr.o)
 .data          0x000427f0        0x0 c:/altera/13.1/nios2eds/bin/gnu/h-i686-mingw32/bin/../lib/gcc/nios2-elf/4.7.3/../../../../../H-i686-mingw32/nios2-elf/lib/mno-hw-mul\libc.a(lib_a-callocr.o)
 .data          0x000427f0        0x0 c:/altera/13.1/nios2eds/bin/gnu/h-i686-mingw32/bin/../lib/gcc/nios2-elf/4.7.3/../../../../../H-i686-mingw32/nios2-elf/lib/mno-hw-mul\libc.a(lib_a-gdtoa-gethex.o)
 .data          0x000427f0        0x0 c:/altera/13.1/nios2eds/bin/gnu/h-i686-mingw32/bin/../lib/gcc/nios2-elf/4.7.3/../../../../../H-i686-mingw32/nios2-elf/lib/mno-hw-mul\libc.a(lib_a-gdtoa-hexnan.o)
 .data          0x000427f0        0x0 c:/altera/13.1/nios2eds/bin/gnu/h-i686-mingw32/bin/../lib/gcc/nios2-elf/4.7.3/mno-hw-mul\libgcc.a(_fixunsdfsi.o)
 .data          0x000427f0        0x0 c:/altera/13.1/nios2eds/bin/gnu/h-i686-mingw32/bin/../lib/gcc/nios2-elf/4.7.3/mno-hw-mul\libgcc.a(_udivdi3.o)
 .data          0x000427f0        0x0 c:/altera/13.1/nios2eds/bin/gnu/h-i686-mingw32/bin/../lib/gcc/nios2-elf/4.7.3/mno-hw-mul\libgcc.a(_umoddi3.o)
 .data          0x000427f0        0x0 c:/altera/13.1/nios2eds/bin/gnu/h-i686-mingw32/bin/../lib/gcc/nios2-elf/4.7.3/mno-hw-mul\libgcc.a(_eq_sf.o)
 .data          0x000427f0        0x0 c:/altera/13.1/nios2eds/bin/gnu/h-i686-mingw32/bin/../lib/gcc/nios2-elf/4.7.3/mno-hw-mul\libgcc.a(_gt_sf.o)
 .data          0x000427f0        0x0 c:/altera/13.1/nios2eds/bin/gnu/h-i686-mingw32/bin/../lib/gcc/nios2-elf/4.7.3/mno-hw-mul\libgcc.a(_lt_sf.o)
 .data          0x000427f0        0x0 c:/altera/13.1/nios2eds/bin/gnu/h-i686-mingw32/bin/../lib/gcc/nios2-elf/4.7.3/mno-hw-mul\libgcc.a(_addsub_df.o)
 .data          0x000427f0        0x0 c:/altera/13.1/nios2eds/bin/gnu/h-i686-mingw32/bin/../lib/gcc/nios2-elf/4.7.3/mno-hw-mul\libgcc.a(_eq_df.o)
 .data          0x000427f0        0x0 c:/altera/13.1/nios2eds/bin/gnu/h-i686-mingw32/bin/../lib/gcc/nios2-elf/4.7.3/mno-hw-mul\libgcc.a(_ne_df.o)
 .data          0x000427f0        0x0 c:/altera/13.1/nios2eds/bin/gnu/h-i686-mingw32/bin/../lib/gcc/nios2-elf/4.7.3/mno-hw-mul\libgcc.a(_gt_df.o)
 .data          0x000427f0        0x0 c:/altera/13.1/nios2eds/bin/gnu/h-i686-mingw32/bin/../lib/gcc/nios2-elf/4.7.3/mno-hw-mul\libgcc.a(_ge_df.o)
 .data          0x000427f0        0x0 c:/altera/13.1/nios2eds/bin/gnu/h-i686-mingw32/bin/../lib/gcc/nios2-elf/4.7.3/mno-hw-mul\libgcc.a(_lt_df.o)
 .data          0x000427f0        0x0 c:/altera/13.1/nios2eds/bin/gnu/h-i686-mingw32/bin/../lib/gcc/nios2-elf/4.7.3/mno-hw-mul\libgcc.a(_le_df.o)
 .data          0x000427f0        0x0 c:/altera/13.1/nios2eds/bin/gnu/h-i686-mingw32/bin/../lib/gcc/nios2-elf/4.7.3/mno-hw-mul\libgcc.a(_si_to_df.o)
 .data          0x000427f0        0x0 c:/altera/13.1/nios2eds/bin/gnu/h-i686-mingw32/bin/../lib/gcc/nios2-elf/4.7.3/mno-hw-mul\libgcc.a(_df_to_si.o)
 .data          0x000427f0        0x0 c:/altera/13.1/nios2eds/bin/gnu/h-i686-mingw32/bin/../lib/gcc/nios2-elf/4.7.3/mno-hw-mul\libgcc.a(_fpcmp_parts_sf.o)
 .data          0x000427f0        0x0 c:/altera/13.1/nios2eds/bin/gnu/h-i686-mingw32/bin/../lib/gcc/nios2-elf/4.7.3/mno-hw-mul\libgcc.a(_fpcmp_parts_df.o)
 .data          0x000427f0        0x0 ../jpeg_bsp/\libhal_bsp.a(alt_close.o)
 .data          0x000427f0      0x1a8 ../jpeg_bsp/\libhal_bsp.a(alt_dev.o)
                0x000427f0                alt_dev_null
                0x00042818                alt_fd_list
 .data          0x00042998        0x0 ../jpeg_bsp/\libhal_bsp.a(alt_env_lock.o)
 .data          0x00042998        0x0 ../jpeg_bsp/\libhal_bsp.a(alt_errno.o)
 .data          0x00042998        0x0 ../jpeg_bsp/\libhal_bsp.a(alt_exit.o)
 .data          0x00042998        0x0 ../jpeg_bsp/\libhal_bsp.a(alt_fstat.o)
 .data          0x00042998        0x0 ../jpeg_bsp/\libhal_bsp.a(alt_getpid.o)
 .data          0x00042998        0x0 ../jpeg_bsp/\libhal_bsp.a(alt_isatty.o)
 .data          0x00042998        0x0 ../jpeg_bsp/\libhal_bsp.a(alt_kill.o)
 .data          0x00042998        0x0 ../jpeg_bsp/\libhal_bsp.a(alt_load.o)
 .data          0x00042998        0x0 ../jpeg_bsp/\libhal_bsp.a(alt_lseek.o)
 .data          0x00042998        0x0 ../jpeg_bsp/\libhal_bsp.a(alt_main.o)
 .data          0x00042998        0x0 ../jpeg_bsp/\libhal_bsp.a(alt_malloc_lock.o)
 .data          0x00042998        0x0 ../jpeg_bsp/\libhal_bsp.a(alt_open.o)
 .data          0x00042998        0x0 ../jpeg_bsp/\libhal_bsp.a(alt_read.o)
 .data          0x00042998        0x0 ../jpeg_bsp/\libhal_bsp.a(alt_release_fd.o)
 .data          0x00042998        0x0 ../jpeg_bsp/\libhal_bsp.a(alt_sbrk.o)
 .data          0x00042998        0x0 ../jpeg_bsp/\libhal_bsp.a(alt_unlink.o)
 .data          0x00042998        0x0 ../jpeg_bsp/\libhal_bsp.a(alt_write.o)
 .data          0x00042998     0x10b8 ../jpeg_bsp/\libhal_bsp.a(alt_sys_init.o)
 .data          0x00043a50        0x0 ../jpeg_bsp/\libhal_bsp.a(altera_avalon_jtag_uart_fd.o)
 .data          0x00043a50        0x0 ../jpeg_bsp/\libhal_bsp.a(altera_avalon_jtag_uart_init.o)
 .data          0x00043a50        0x0 ../jpeg_bsp/\libhal_bsp.a(altera_avalon_jtag_uart_ioctl.o)
 .data          0x00043a50        0x0 ../jpeg_bsp/\libhal_bsp.a(altera_avalon_jtag_uart_read.o)
 .data          0x00043a50        0x0 ../jpeg_bsp/\libhal_bsp.a(altera_avalon_jtag_uart_write.o)
 .data          0x00043a50        0x0 ../jpeg_bsp/\libhal_bsp.a(altera_avalon_timer_sc.o)
 .data          0x00043a50        0x0 ../jpeg_bsp/\libhal_bsp.a(altera_hostfs.o)
 .data          0x00043a50        0x0 ../jpeg_bsp/\libhal_bsp.a(altera_ro_zipfs.o)
 .data          0x00043a50        0x0 ../jpeg_bsp/\libhal_bsp.a(alt_alarm_start.o)
 .data          0x00043a50        0x0 ../jpeg_bsp/\libhal_bsp.a(alt_dcache_flush_all.o)
 .data          0x00043a50        0x0 ../jpeg_bsp/\libhal_bsp.a(alt_dev_llist_insert.o)
 .data          0x00043a50        0x0 ../jpeg_bsp/\libhal_bsp.a(alt_do_ctors.o)
 .data          0x00043a50        0x0 ../jpeg_bsp/\libhal_bsp.a(alt_do_dtors.o)
 .data          0x00043a50        0x0 ../jpeg_bsp/\libhal_bsp.a(alt_find_dev.o)
 .data          0x00043a50        0x0 ../jpeg_bsp/\libhal_bsp.a(alt_find_file.o)
 .data          0x00043a50        0x0 ../jpeg_bsp/\libhal_bsp.a(alt_fs_reg.o)
 .data          0x00043a50        0x0 ../jpeg_bsp/\libhal_bsp.a(alt_get_fd.o)
 .data          0x00043a50        0x0 ../jpeg_bsp/\libhal_bsp.a(alt_icache_flush_all.o)
 .data          0x00043a50        0x0 ../jpeg_bsp/\libhal_bsp.a(alt_iic.o)
 .data          0x00043a50        0x0 ../jpeg_bsp/\libhal_bsp.a(alt_iic_isr_register.o)
 .data          0x00043a50        0x0 ../jpeg_bsp/\libhal_bsp.a(alt_io_redirect.o)
 .data          0x00043a50        0x0 ../jpeg_bsp/\libhal_bsp.a(alt_irq_entry.o)
 .data          0x00043a50        0x0 ../jpeg_bsp/\libhal_bsp.a(alt_irq_handler.o)
 .data          0x00043a50        0x0 ../jpeg_bsp/\libhal_bsp.a(alt_irq_vars.o)
 .data          0x00043a50        0x0 ../jpeg_bsp/\libhal_bsp.a(alt_tick.o)
 .data          0x00043a50        0x0 ../jpeg_bsp/\libhal_bsp.a(altera_nios2_qsys_irq.o)
 .data          0x00043a50        0x0 ../jpeg_bsp/\libhal_bsp.a(alt_exception_entry.o)
 .data          0x00043a50        0x0 c:/altera/13.1/nios2eds/bin/gnu/h-i686-mingw32/bin/../lib/gcc/nios2-elf/4.7.3/../../../../../H-i686-mingw32/nios2-elf/lib/mno-hw-mul\libc.a(lib_a-atexit.o)
 .data          0x00043a50        0x0 c:/altera/13.1/nios2eds/bin/gnu/h-i686-mingw32/bin/../lib/gcc/nios2-elf/4.7.3/../../../../../H-i686-mingw32/nios2-elf/lib/mno-hw-mul\libc.a(lib_a-memcmp.o)
 .data          0x00043a50        0x0 c:/altera/13.1/nios2eds/bin/gnu/h-i686-mingw32/bin/../lib/gcc/nios2-elf/4.7.3/../../../../../H-i686-mingw32/nios2-elf/lib/mno-hw-mul\libc.a(lib_a-__atexit.o)
                0x0004ba50                _gp = ABSOLUTE ((. + 0x8000))
                0x0004ba50                PROVIDE (gp, _gp)
 *(.rwdata .rwdata.*)
 *(.sdata .sdata.* .gnu.linkonce.s.*)
 .sdata         0x00043a50       0x10 obj/default/application/jpegclib/jmemmgr.o
 .sdata         0x00043a60        0x4 c:/altera/13.1/nios2eds/bin/gnu/h-i686-mingw32/bin/../lib/gcc/nios2-elf/4.7.3/../../../../../H-i686-mingw32/nios2-elf/lib/mno-hw-mul\libc.a(lib_a-ctype_.o)
                0x00043a60                __ctype_ptr
 .sdata         0x00043a64        0x8 c:/altera/13.1/nios2eds/bin/gnu/h-i686-mingw32/bin/../lib/gcc/nios2-elf/4.7.3/../../../../../H-i686-mingw32/nios2-elf/lib/mno-hw-mul\libc.a(lib_a-impure.o)
                0x00043a64                _global_impure_ptr
                0x00043a68                _impure_ptr
 .sdata         0x00043a6c        0x8 c:/altera/13.1/nios2eds/bin/gnu/h-i686-mingw32/bin/../lib/gcc/nios2-elf/4.7.3/../../../../../H-i686-mingw32/nios2-elf/lib/mno-hw-mul\libc.a(lib_a-mallocr.o)
                0x00043a6c                __malloc_sbrk_base
                0x00043a70                __malloc_trim_threshold
 .sdata         0x00043a74        0x4 c:/altera/13.1/nios2eds/bin/gnu/h-i686-mingw32/bin/../lib/gcc/nios2-elf/4.7.3/../../../../../H-i686-mingw32/nios2-elf/lib/mno-hw-mul\libc.a(lib_a-environ.o)
                0x00043a74                environ
 .sdata         0x00043a78        0x4 c:/altera/13.1/nios2eds/bin/gnu/h-i686-mingw32/bin/../lib/gcc/nios2-elf/4.7.3/../../../../../H-i686-mingw32/nios2-elf/lib/mno-hw-mul\libc.a(lib_a-locale.o)
                0x00043a78                __mb_cur_max
 .sdata         0x00043a7c       0x14 ../jpeg_bsp/\libhal_bsp.a(alt_dev.o)
                0x00043a7c                alt_fs_list
                0x00043a84                alt_dev_list
                0x00043a8c                alt_max_fd
 .sdata         0x00043a90        0x4 ../jpeg_bsp/\libhal_bsp.a(alt_errno.o)
                0x00043a90                alt_errno
 .sdata         0x00043a94        0x4 ../jpeg_bsp/\libhal_bsp.a(alt_sbrk.o)
 .sdata         0x00043a98       0x48 ../jpeg_bsp/\libhal_bsp.a(altera_hostfs.o)
 .sdata         0x00043ae0        0x4 ../jpeg_bsp/\libhal_bsp.a(alt_irq_vars.o)
                0x00043ae0                alt_priority_mask
 .sdata         0x00043ae4        0x8 ../jpeg_bsp/\libhal_bsp.a(alt_tick.o)